[0.025s] Invoking command in '/home/loic/ros_ws/build/omni_robot_controller': CMAKE_PREFIX_PATH=${CMAKE_PREFIX_PATH}:/opt/ros/humble /usr/local/bin/cmake --build /home/loic/ros_ws/build/omni_robot_controller -- -j12 -l12
[0.056s] Invoked command in '/home/loic/ros_ws/build/omni_robot_controller' returned '0': CMAKE_PREFIX_PATH=${CMAKE_PREFIX_PATH}:/opt/ros/humble /usr/local/bin/cmake --build /home/loic/ros_ws/build/omni_robot_controller -- -j12 -l12
[0.065s] Invoking command in '/home/loic/ros_ws/build/omni_robot_controller': CMAKE_PREFIX_PATH=${CMAKE_PREFIX_PATH}:/opt/ros/humble /usr/local/bin/cmake --install /home/loic/ros_ws/build/omni_robot_controller
[0.070s] -- Install configuration: ""
[0.071s] -- Up-to-date: /home/loic/ros_ws/install/omni_robot_controller/lib/omni_robot_controller/omni_control.py
[0.072s] -- Up-to-date: /home/loic/ros_ws/install/omni_robot_controller/lib/omni_robot_controller/odom_control.py
[0.072s] -- Up-to-date: /home/loic/ros_ws/install/omni_robot_controller/share/omni_robot_controller/launch
[0.072s] -- Up-to-date: /home/loic/ros_ws/install/omni_robot_controller/share/omni_robot_controller/launch/omni_odom.launch.py
[0.072s] -- Up-to-date: /home/loic/ros_ws/install/omni_robot_controller/share/omni_robot_controller/launch/omni_control.launch.py
[0.074s] -- Up-to-date: /home/loic/ros_ws/install/omni_robot_controller/share/omni_robot_controller/code
[0.075s] -- Up-to-date: /home/loic/ros_ws/install/omni_robot_controller/share/omni_robot_controller/code/odom_control.py
[0.075s] -- Up-to-date: /home/loic/ros_ws/install/omni_robot_controller/share/omni_robot_controller/code/omni_control.py
[0.076s] -- Up-to-date: /home/loic/ros_ws/install/omni_robot_controller/share/omni_robot_controller/config
[0.076s] -- Up-to-date: /home/loic/ros_ws/install/omni_robot_controller/share/omni_robot_controller/config/odom.yaml
[0.076s] -- Up-to-date: /home/loic/ros_ws/install/omni_robot_controller/share/ament_index/resource_index/package_run_dependencies/omni_robot_controller
[0.076s] -- Up-to-date: /home/loic/ros_ws/install/omni_robot_controller/share/ament_index/resource_index/parent_prefix_path/omni_robot_controller
[0.076s] -- Up-to-date: /home/loic/ros_ws/install/omni_robot_controller/share/omni_robot_controller/environment/ament_prefix_path.sh
[0.076s] -- Up-to-date: /home/loic/ros_ws/install/omni_robot_controller/share/omni_robot_controller/environment/ament_prefix_path.dsv
[0.077s] -- Up-to-date: /home/loic/ros_ws/install/omni_robot_controller/share/omni_robot_controller/environment/path.sh
[0.077s] -- Up-to-date: /home/loic/ros_ws/install/omni_robot_controller/share/omni_robot_controller/environment/path.dsv
[0.077s] -- Up-to-date: /home/loic/ros_ws/install/omni_robot_controller/share/omni_robot_controller/local_setup.bash
[0.077s] -- Up-to-date: /home/loic/ros_ws/install/omni_robot_controller/share/omni_robot_controller/local_setup.sh
[0.077s] -- Up-to-date: /home/loic/ros_ws/install/omni_robot_controller/share/omni_robot_controller/local_setup.zsh
[0.078s] -- Up-to-date: /home/loic/ros_ws/install/omni_robot_controller/share/omni_robot_controller/local_setup.dsv
[0.079s] -- Installing: /home/loic/ros_ws/install/omni_robot_controller/share/omni_robot_controller/package.dsv
[0.079s] -- Up-to-date: /home/loic/ros_ws/install/omni_robot_controller/share/ament_index/resource_index/packages/omni_robot_controller
[0.080s] -- Up-to-date: /home/loic/ros_ws/install/omni_robot_controller/share/omni_robot_controller/cmake/omni_robot_controllerConfig.cmake
[0.080s] -- Up-to-date: /home/loic/ros_ws/install/omni_robot_controller/share/omni_robot_controller/cmake/omni_robot_controllerConfig-version.cmake
[0.080s] -- Up-to-date: /home/loic/ros_ws/install/omni_robot_controller/share/omni_robot_controller/package.xml
[0.085s] Invoked command in '/home/loic/ros_ws/build/omni_robot_controller' returned '0': CMAKE_PREFIX_PATH=${CMAKE_PREFIX_PATH}:/opt/ros/humble /usr/local/bin/cmake --install /home/loic/ros_ws/build/omni_robot_controller
