[0.012s] Invoking command in '/home/loic/ros_ws/build/robot_nav': CMAKE_PREFIX_PATH=/opt/ros/humble /usr/local/bin/cmake /home/loic/ros_ws/src/robot_nav -DCMAKE_INSTALL_PREFIX=/home/loic/ros_ws/install/robot_nav
[0.013s] [0mCMake Deprecation Warning at CMakeLists.txt:1 (cmake_minimum_required):
[0.013s]   Compatibility with CMake < 3.10 will be removed from a future version of
[0.013s]   CMake.
[0.013s] 
[0.013s]   Update the VERSION argument <min> value.  Or, use the <min>...<max> syntax
[0.013s]   to tell CMake that the project requires at least <min> but has been updated
[0.013s]   to work with policies introduced by <max> or earlier.
[0.013s] 
[0.013s] [0m
[0.082s] -- The C compiler identification is GNU 11.4.0
[0.149s] -- The CXX compiler identification is GNU 11.4.0
[0.156s] -- Detecting C compiler ABI info
[0.215s] -- Detecting C compiler ABI info - done
[0.230s] -- Check for working C compiler: /usr/bin/cc - skipped
[0.231s] -- Detecting C compile features
[0.231s] -- Detecting C compile features - done
[0.241s] -- Detecting CXX compiler ABI info
[0.317s] -- Detecting CXX compiler ABI info - done
[0.335s] -- Check for working CXX compiler: /usr/bin/c++ - skipped
[0.336s] -- Detecting CXX compile features
[0.336s] -- Detecting CXX compile features - done
[0.348s] -- Found ament_cmake: 1.3.11 (/opt/ros/humble/share/ament_cmake/cmake)
[0.473s] -- Found Python3: /usr/bin/python3 (found version "3.10.12") found components: Interpreter
[0.566s] -- Found ament_lint_auto: 0.12.11 (/opt/ros/humble/share/ament_lint_auto/cmake)
[0.640s] -- Added test 'flake8' to check Python code syntax and style conventions
[0.640s] -- Added test 'lint_cmake' to check CMake code style
[0.641s] -- Added test 'pep257' to check Python code against some of the docstring style conventions in PEP 257
[0.642s] -- Added test 'xmllint' to check XML markup files
[0.643s] -- Configuring done (0.6s)
[0.647s] -- Generating done (0.0s)
[0.648s] -- Build files have been written to: /home/loic/ros_ws/build/robot_nav
[0.654s] Invoked command in '/home/loic/ros_ws/build/robot_nav' returned '0': CMAKE_PREFIX_PATH=/opt/ros/humble /usr/local/bin/cmake /home/loic/ros_ws/src/robot_nav -DCMAKE_INSTALL_PREFIX=/home/loic/ros_ws/install/robot_nav
[0.656s] Invoking command in '/home/loic/ros_ws/build/robot_nav': CMAKE_PREFIX_PATH=/opt/ros/humble /usr/local/bin/cmake --build /home/loic/ros_ws/build/robot_nav -- -j12 -l12
[0.680s] Invoked command in '/home/loic/ros_ws/build/robot_nav' returned '0': CMAKE_PREFIX_PATH=/opt/ros/humble /usr/local/bin/cmake --build /home/loic/ros_ws/build/robot_nav -- -j12 -l12
[0.682s] Invoking command in '/home/loic/ros_ws/build/robot_nav': CMAKE_PREFIX_PATH=/opt/ros/humble /usr/local/bin/cmake --install /home/loic/ros_ws/build/robot_nav
[0.684s] -- Install configuration: ""
[0.685s] -- Installing: /home/loic/ros_ws/install/robot_nav/share/robot_nav/launch
[0.685s] -- Installing: /home/loic/ros_ws/install/robot_nav/share/robot_nav/launch/maper.launch.py
[0.685s] -- Installing: /home/loic/ros_ws/install/robot_nav/share/robot_nav/config
[0.685s] -- Installing: /home/loic/ros_ws/install/robot_nav/share/robot_nav/config/maper_param.yaml
[0.686s] -- Installing: /home/loic/ros_ws/install/robot_nav/share/ament_index/resource_index/package_run_dependencies/robot_nav
[0.686s] -- Installing: /home/loic/ros_ws/install/robot_nav/share/ament_index/resource_index/parent_prefix_path/robot_nav
[0.686s] -- Installing: /home/loic/ros_ws/install/robot_nav/share/robot_nav/environment/ament_prefix_path.sh
[0.686s] -- Installing: /home/loic/ros_ws/install/robot_nav/share/robot_nav/environment/ament_prefix_path.dsv
[0.686s] -- Installing: /home/loic/ros_ws/install/robot_nav/share/robot_nav/environment/path.sh
[0.686s] -- Installing: /home/loic/ros_ws/install/robot_nav/share/robot_nav/environment/path.dsv
[0.686s] -- Installing: /home/loic/ros_ws/install/robot_nav/share/robot_nav/local_setup.bash
[0.686s] -- Installing: /home/loic/ros_ws/install/robot_nav/share/robot_nav/local_setup.sh
[0.687s] -- Installing: /home/loic/ros_ws/install/robot_nav/share/robot_nav/local_setup.zsh
[0.687s] -- Installing: /home/loic/ros_ws/install/robot_nav/share/robot_nav/local_setup.dsv
[0.687s] -- Installing: /home/loic/ros_ws/install/robot_nav/share/robot_nav/package.dsv
[0.687s] -- Installing: /home/loic/ros_ws/install/robot_nav/share/ament_index/resource_index/packages/robot_nav
[0.687s] -- Installing: /home/loic/ros_ws/install/robot_nav/share/robot_nav/cmake/robot_navConfig.cmake
[0.687s] -- Installing: /home/loic/ros_ws/install/robot_nav/share/robot_nav/cmake/robot_navConfig-version.cmake
[0.689s] -- Installing: /home/loic/ros_ws/install/robot_nav/share/robot_nav/package.xml
[0.711s] Invoked command in '/home/loic/ros_ws/build/robot_nav' returned '0': CMAKE_PREFIX_PATH=/opt/ros/humble /usr/local/bin/cmake --install /home/loic/ros_ws/build/robot_nav
