[0.018s] Invoking command in '/home/loic/ros_ws/build/rf2o_laser_odometry': CMAKE_PREFIX_PATH=${CMAKE_PREFIX_PATH}:/opt/ros/humble /usr/local/bin/cmake /home/loic/ros_ws/src/rf2o_laser_odometry -DCMAKE_INSTALL_PREFIX=/home/loic/ros_ws/install/rf2o_laser_odometry
[0.023s] [0mCMake Deprecation Warning at CMakeLists.txt:1 (cmake_minimum_required):
[0.023s]   Compatibility with CMake < 3.10 will be removed from a future version of
[0.023s]   CMake.
[0.024s] 
[0.024s]   Update the VERSION argument <min> value.  Or, use the <min>...<max> syntax
[0.024s]   to tell CMake that the project requires at least <min> but has been updated
[0.024s]   to work with policies introduced by <max> or earlier.
[0.024s] 
[0.024s] [0m
[0.097s] -- The C compiler identification is GNU 11.4.0
[0.166s] -- The CXX compiler identification is GNU 11.4.0
[0.178s] -- Detecting C compiler ABI info
[0.240s] -- Detecting C compiler ABI info - done
[0.254s] -- Check for working C compiler: /usr/bin/cc - skipped
[0.255s] -- Detecting C compile features
[0.255s] -- Detecting C compile features - done
[0.267s] -- Detecting CXX compiler ABI info
[0.337s] -- Detecting CXX compiler ABI info - done
[0.352s] -- Check for working CXX compiler: /usr/bin/c++ - skipped
[0.353s] -- Detecting CXX compile features
[0.353s] -- Detecting CXX compile features - done
[0.363s] -- Found ament_cmake: 1.3.11 (/opt/ros/humble/share/ament_cmake/cmake)
[0.482s] -- Found Python3: /usr/bin/python3 (found version "3.10.12") found components: Interpreter
[0.577s] -- Found rclcpp: 16.0.11 (/opt/ros/humble/share/rclcpp/cmake)
[0.636s] -- Found rosidl_generator_c: 3.1.6 (/opt/ros/humble/share/rosidl_generator_c/cmake)
[0.643s] -- Found rosidl_adapter: 3.1.6 (/opt/ros/humble/share/rosidl_adapter/cmake)
[0.655s] -- Found rosidl_generator_cpp: 3.1.6 (/opt/ros/humble/share/rosidl_generator_cpp/cmake)
[0.672s] -- Using all available rosidl_typesupport_c: rosidl_typesupport_fastrtps_c;rosidl_typesupport_introspection_c
[0.693s] -- Using all available rosidl_typesupport_cpp: rosidl_typesupport_fastrtps_cpp;rosidl_typesupport_introspection_cpp
[0.755s] -- Found rmw_implementation_cmake: 6.1.2 (/opt/ros/humble/share/rmw_implementation_cmake/cmake)
[0.758s] -- Found rmw_fastrtps_cpp: 6.2.7 (/opt/ros/humble/share/rmw_fastrtps_cpp/cmake)
[0.860s] -- Found OpenSSL: /usr/lib/x86_64-linux-gnu/libcrypto.so (found version "3.0.2")
[0.898s] -- Found FastRTPS: /opt/ros/humble/include
[0.949s] -- Using RMW implementation 'rmw_fastrtps_cpp' as default
[0.961s] -- Performing Test CMAKE_HAVE_LIBC_PTHREAD
[1.028s] -- Performing Test CMAKE_HAVE_LIBC_PTHREAD - Success
[1.029s] -- Found Threads: TRUE
[1.102s] -- Found geometry_msgs: 4.2.4 (/opt/ros/humble/share/geometry_msgs/cmake)
[1.122s] -- Found tf2_geometry_msgs: 0.25.9 (/opt/ros/humble/share/tf2_geometry_msgs/cmake)
[1.142s] -- Found eigen3_cmake_module: 0.1.1 (/opt/ros/humble/share/eigen3_cmake_module/cmake)
[1.143s] -- Found Eigen3: TRUE (found version "3.4.0")
[1.143s] -- Ensuring Eigen3 include directory is part of orocos-kdl CMake target
[1.291s] -- Found sensor_msgs: 4.2.4 (/opt/ros/humble/share/sensor_msgs/cmake)
[1.320s] -- Found nav_msgs: 4.2.4 (/opt/ros/humble/share/nav_msgs/cmake)
[1.345s] [33mCMake Warning (dev) at CMakeLists.txt:24 (find_package):
[1.345s]   Policy CMP0167 is not set: The FindBoost module is removed.  Run "cmake
[1.346s]   --help-policy CMP0167" for policy details.  Use the cmake_policy command to
[1.346s]   set the policy and suppress this warning.
[1.346s] 
[1.346s] This warning is for project developers.  Use -Wno-dev to suppress it.
[1.346s] [0m
[1.356s] -- Found Boost: /usr/lib/x86_64-linux-gnu/cmake/Boost-1.74.0/BoostConfig.cmake (found version "1.74.0")
[1.426s] -- Configuring done (1.4s)
[1.449s] -- Generating done (0.0s)
[1.452s] -- Build files have been written to: /home/loic/ros_ws/build/rf2o_laser_odometry
[1.465s] Invoked command in '/home/loic/ros_ws/build/rf2o_laser_odometry' returned '0': CMAKE_PREFIX_PATH=${CMAKE_PREFIX_PATH}:/opt/ros/humble /usr/local/bin/cmake /home/loic/ros_ws/src/rf2o_laser_odometry -DCMAKE_INSTALL_PREFIX=/home/loic/ros_ws/install/rf2o_laser_odometry
[1.467s] Invoking command in '/home/loic/ros_ws/build/rf2o_laser_odometry': CMAKE_PREFIX_PATH=${CMAKE_PREFIX_PATH}:/opt/ros/humble /usr/local/bin/cmake --build /home/loic/ros_ws/build/rf2o_laser_odometry -- -j12 -l12
[1.496s] [ 60%] [32mBuilding CXX object CMakeFiles/rf2o_laser_odometry_node.dir/src/CLaserOdometry2D.cpp.o[0m
[1.496s] [ 60%] [32mBuilding CXX object CMakeFiles/rf2o_laser_odometry.dir/src/CLaserOdometry2D.cpp.o[0m
[1.496s] [ 60%] [32mBuilding CXX object CMakeFiles/rf2o_laser_odometry_node.dir/src/CLaserOdometry2DNode.cpp.o[0m
[22.330s] [ 80%] [32m[1mLinking CXX static library librf2o_laser_odometry.a[0m
[22.568s] [ 80%] Built target rf2o_laser_odometry
[22.569s] [100%] [32m[1mLinking CXX executable rf2o_laser_odometry_node[0m
[23.701s] [100%] Built target rf2o_laser_odometry_node
[23.717s] Invoked command in '/home/loic/ros_ws/build/rf2o_laser_odometry' returned '0': CMAKE_PREFIX_PATH=${CMAKE_PREFIX_PATH}:/opt/ros/humble /usr/local/bin/cmake --build /home/loic/ros_ws/build/rf2o_laser_odometry -- -j12 -l12
[23.717s] Invoking command in '/home/loic/ros_ws/build/rf2o_laser_odometry': CMAKE_PREFIX_PATH=${CMAKE_PREFIX_PATH}:/opt/ros/humble /usr/local/bin/cmake --install /home/loic/ros_ws/build/rf2o_laser_odometry
[23.720s] -- Install configuration: ""
[23.720s] -- Installing: /home/loic/ros_ws/install/rf2o_laser_odometry/lib/rf2o_laser_odometry/rf2o_laser_odometry_node
[23.731s] -- Set non-toolchain portion of runtime path of "/home/loic/ros_ws/install/rf2o_laser_odometry/lib/rf2o_laser_odometry/rf2o_laser_odometry_node" to ""
[23.731s] -- Installing: /home/loic/ros_ws/install/rf2o_laser_odometry/share/rf2o_laser_odometry/launch
[23.731s] -- Installing: /home/loic/ros_ws/install/rf2o_laser_odometry/share/rf2o_laser_odometry/launch/rf2o_laser_odometry.launch.py
[23.731s] -- Installing: /home/loic/ros_ws/install/rf2o_laser_odometry/share/ament_index/resource_index/package_run_dependencies/rf2o_laser_odometry
[23.732s] -- Installing: /home/loic/ros_ws/install/rf2o_laser_odometry/share/ament_index/resource_index/parent_prefix_path/rf2o_laser_odometry
[23.732s] -- Installing: /home/loic/ros_ws/install/rf2o_laser_odometry/share/rf2o_laser_odometry/environment/ament_prefix_path.sh
[23.732s] -- Installing: /home/loic/ros_ws/install/rf2o_laser_odometry/share/rf2o_laser_odometry/environment/ament_prefix_path.dsv
[23.732s] -- Installing: /home/loic/ros_ws/install/rf2o_laser_odometry/share/rf2o_laser_odometry/environment/path.sh
[23.732s] -- Installing: /home/loic/ros_ws/install/rf2o_laser_odometry/share/rf2o_laser_odometry/environment/path.dsv
[23.732s] -- Installing: /home/loic/ros_ws/install/rf2o_laser_odometry/share/rf2o_laser_odometry/local_setup.bash
[23.732s] -- Installing: /home/loic/ros_ws/install/rf2o_laser_odometry/share/rf2o_laser_odometry/local_setup.sh
[23.732s] -- Installing: /home/loic/ros_ws/install/rf2o_laser_odometry/share/rf2o_laser_odometry/local_setup.zsh
[23.732s] -- Installing: /home/loic/ros_ws/install/rf2o_laser_odometry/share/rf2o_laser_odometry/local_setup.dsv
[23.733s] -- Installing: /home/loic/ros_ws/install/rf2o_laser_odometry/share/rf2o_laser_odometry/package.dsv
[23.733s] -- Installing: /home/loic/ros_ws/install/rf2o_laser_odometry/share/ament_index/resource_index/packages/rf2o_laser_odometry
[23.733s] -- Installing: /home/loic/ros_ws/install/rf2o_laser_odometry/share/rf2o_laser_odometry/cmake/rf2o_laser_odometryConfig.cmake
[23.733s] -- Installing: /home/loic/ros_ws/install/rf2o_laser_odometry/share/rf2o_laser_odometry/cmake/rf2o_laser_odometryConfig-version.cmake
[23.733s] -- Installing: /home/loic/ros_ws/install/rf2o_laser_odometry/share/rf2o_laser_odometry/package.xml
[23.735s] Invoked command in '/home/loic/ros_ws/build/rf2o_laser_odometry' returned '0': CMAKE_PREFIX_PATH=${CMAKE_PREFIX_PATH}:/opt/ros/humble /usr/local/bin/cmake --install /home/loic/ros_ws/build/rf2o_laser_odometry
