-- Install configuration: ""
-- Up-to-date: /home/loic/ros_ws/install/roboto/share/roboto/robot_description
-- Up-to-date: /home/loic/ros_ws/install/roboto/share/roboto/robot_description/rviz_bot
-- Up-to-date: /home/loic/ros_ws/install/roboto/share/roboto/robot_description/rviz_bot/lidar.xacro
-- Up-to-date: /home/loic/ros_ws/install/roboto/share/roboto/robot_description/rviz_bot/chassi
-- Up-to-date: /home/loic/ros_ws/install/roboto/share/roboto/robot_description/rviz_bot/chassi/body.part
-- Up-to-date: /home/loic/ros_ws/install/roboto/share/roboto/robot_description/rviz_bot/chassi/support.part
-- Up-to-date: /home/loic/ros_ws/install/roboto/share/roboto/robot_description/rviz_bot/chassi/body.stl
-- Up-to-date: /home/loic/ros_ws/install/roboto/share/roboto/robot_description/rviz_bot/chassi/lidar.stl
-- Up-to-date: /home/loic/ros_ws/install/roboto/share/roboto/robot_description/rviz_bot/chassi/lidar.part
-- Up-to-date: /home/loic/ros_ws/install/roboto/share/roboto/robot_description/rviz_bot/chassi/support.stl
-- Up-to-date: /home/loic/ros_ws/install/roboto/share/roboto/robot_description/rviz_bot/robot.urdf.xacro
-- Up-to-date: /home/loic/ros_ws/install/roboto/share/roboto/robot_description/meshes
-- Up-to-date: /home/loic/ros_ws/install/roboto/share/roboto/robot_description/meshes/STL
-- Up-to-date: /home/loic/ros_ws/install/roboto/share/roboto/robot_description/meshes/STL/base
-- Up-to-date: /home/loic/ros_ws/install/roboto/share/roboto/robot_description/meshes/STL/base/base_link.stl
-- Up-to-date: /home/loic/ros_ws/install/roboto/share/roboto/robot_description/meshes/STL/omni_wheel
-- Up-to-date: /home/loic/ros_ws/install/roboto/share/roboto/robot_description/meshes/STL/omni_wheel/omni_wheel.stl
-- Up-to-date: /home/loic/ros_ws/install/roboto/share/roboto/robot_description/meshes/STL/roller
-- Up-to-date: /home/loic/ros_ws/install/roboto/share/roboto/robot_description/meshes/STL/roller/roller.stl
-- Up-to-date: /home/loic/ros_ws/install/roboto/share/roboto/robot_description/meshes/DAE
-- Up-to-date: /home/loic/ros_ws/install/roboto/share/roboto/robot_description/meshes/DAE/base
-- Up-to-date: /home/loic/ros_ws/install/roboto/share/roboto/robot_description/meshes/DAE/base/base_link.stl
-- Up-to-date: /home/loic/ros_ws/install/roboto/share/roboto/robot_description/meshes/DAE/omni_wheel
-- Up-to-date: /home/loic/ros_ws/install/roboto/share/roboto/robot_description/meshes/DAE/omni_wheel/omni_wheel.dae
-- Up-to-date: /home/loic/ros_ws/install/roboto/share/roboto/robot_description/meshes/DAE/roller
-- Up-to-date: /home/loic/ros_ws/install/roboto/share/roboto/robot_description/meshes/DAE/roller/roller.dae
-- Up-to-date: /home/loic/ros_ws/install/roboto/share/roboto/robot_description/sim_bot
-- Up-to-date: /home/loic/ros_ws/install/roboto/share/roboto/robot_description/sim_bot/robots
-- Installing: /home/loic/ros_ws/install/roboto/share/roboto/robot_description/sim_bot/robots/omni_robot.urdf.xacro
-- Up-to-date: /home/loic/ros_ws/install/roboto/share/roboto/robot_description/sim_bot/robots/robot_core.urdf.xacro
-- Up-to-date: /home/loic/ros_ws/install/roboto/share/roboto/robot_description/sim_bot/robots/test.sdf
-- Up-to-date: /home/loic/ros_ws/install/roboto/share/roboto/robot_description/sim_bot/robots/gazebo.xacro
-- Up-to-date: /home/loic/ros_ws/install/roboto/share/roboto/robot_description/sim_bot/robots/test.urdf
-- Up-to-date: /home/loic/ros_ws/install/roboto/share/roboto/robot_description/sim_bot/robots/ros2_control.xacro
-- Up-to-date: /home/loic/ros_ws/install/roboto/share/roboto/robot_description/sim_bot/omni_wheel
-- Up-to-date: /home/loic/ros_ws/install/roboto/share/roboto/robot_description/sim_bot/omni_wheel/omni_wheel.gazebo.xacro
-- Up-to-date: /home/loic/ros_ws/install/roboto/share/roboto/robot_description/sim_bot/omni_wheel/omni_wheel.urdf.xacro
-- Up-to-date: /home/loic/ros_ws/install/roboto/share/roboto/robot_description/sim_bot/roller
-- Up-to-date: /home/loic/ros_ws/install/roboto/share/roboto/robot_description/sim_bot/roller/roller.urdf.xacro
-- Up-to-date: /home/loic/ros_ws/install/roboto/share/roboto/robot_description/sim_bot/roller/roller.gazebo.xacro
-- Up-to-date: /home/loic/ros_ws/install/roboto/share/roboto/launch
-- Installing: /home/loic/ros_ws/install/roboto/share/roboto/launch/sim_launch.launch.py
-- Up-to-date: /home/loic/ros_ws/install/roboto/share/roboto/launch/test_launch.launch.py
-- Up-to-date: /home/loic/ros_ws/install/roboto/share/roboto/world
-- Up-to-date: /home/loic/ros_ws/install/roboto/share/roboto/world/building
-- Up-to-date: /home/loic/ros_ws/install/roboto/share/roboto/world/building/testground
-- Up-to-date: /home/loic/ros_ws/install/roboto/share/roboto/world/building/testground/model.sdf
-- Up-to-date: /home/loic/ros_ws/install/roboto/share/roboto/world/building/testground/model.config
-- Up-to-date: /home/loic/ros_ws/install/roboto/share/roboto/world/test_ground
-- Up-to-date: /home/loic/ros_ws/install/roboto/share/roboto/config
-- Up-to-date: /home/loic/ros_ws/install/roboto/share/roboto/config/my_controllers.yaml
-- Up-to-date: /home/loic/ros_ws/install/roboto/share/ament_index/resource_index/package_run_dependencies/roboto
-- Up-to-date: /home/loic/ros_ws/install/roboto/share/ament_index/resource_index/parent_prefix_path/roboto
-- Up-to-date: /home/loic/ros_ws/install/roboto/share/roboto/environment/ament_prefix_path.sh
-- Up-to-date: /home/loic/ros_ws/install/roboto/share/roboto/environment/ament_prefix_path.dsv
-- Up-to-date: /home/loic/ros_ws/install/roboto/share/roboto/environment/path.sh
-- Up-to-date: /home/loic/ros_ws/install/roboto/share/roboto/environment/path.dsv
-- Up-to-date: /home/loic/ros_ws/install/roboto/share/roboto/local_setup.bash
-- Up-to-date: /home/loic/ros_ws/install/roboto/share/roboto/local_setup.sh
-- Up-to-date: /home/loic/ros_ws/install/roboto/share/roboto/local_setup.zsh
-- Up-to-date: /home/loic/ros_ws/install/roboto/share/roboto/local_setup.dsv
-- Installing: /home/loic/ros_ws/install/roboto/share/roboto/package.dsv
-- Up-to-date: /home/loic/ros_ws/install/roboto/share/ament_index/resource_index/packages/roboto
-- Up-to-date: /home/loic/ros_ws/install/roboto/share/roboto/cmake/robotoConfig.cmake
-- Up-to-date: /home/loic/ros_ws/install/roboto/share/roboto/cmake/robotoConfig-version.cmake
-- Up-to-date: /home/loic/ros_ws/install/roboto/share/roboto/package.xml
