[0.020s] Invoking command in '/home/loic/ros_ws/build/roboto': CMAKE_PREFIX_PATH=${CMAKE_PREFIX_PATH}:/opt/ros/humble /usr/local/bin/cmake --build /home/loic/ros_ws/build/roboto -- -j12 -l12
[0.063s] Invoked command in '/home/loic/ros_ws/build/roboto' returned '0': CMAKE_PREFIX_PATH=${CMAKE_PREFIX_PATH}:/opt/ros/humble /usr/local/bin/cmake --build /home/loic/ros_ws/build/roboto -- -j12 -l12
[0.065s] Invoking command in '/home/loic/ros_ws/build/roboto': CMAKE_PREFIX_PATH=${CMAKE_PREFIX_PATH}:/opt/ros/humble /usr/local/bin/cmake --install /home/loic/ros_ws/build/roboto
[0.070s] -- Install configuration: ""
[0.070s] -- Up-to-date: /home/loic/ros_ws/install/roboto/share/roboto/robot_description
[0.070s] -- Up-to-date: /home/loic/ros_ws/install/roboto/share/roboto/robot_description/rviz_bot
[0.070s] -- Up-to-date: /home/loic/ros_ws/install/roboto/share/roboto/robot_description/rviz_bot/lidar.xacro
[0.070s] -- Up-to-date: /home/loic/ros_ws/install/roboto/share/roboto/robot_description/rviz_bot/chassi
[0.070s] -- Up-to-date: /home/loic/ros_ws/install/roboto/share/roboto/robot_description/rviz_bot/chassi/body.part
[0.070s] -- Up-to-date: /home/loic/ros_ws/install/roboto/share/roboto/robot_description/rviz_bot/chassi/support.part
[0.071s] -- Up-to-date: /home/loic/ros_ws/install/roboto/share/roboto/robot_description/rviz_bot/chassi/body.stl
[0.071s] -- Up-to-date: /home/loic/ros_ws/install/roboto/share/roboto/robot_description/rviz_bot/chassi/lidar.stl
[0.071s] -- Up-to-date: /home/loic/ros_ws/install/roboto/share/roboto/robot_description/rviz_bot/chassi/lidar.part
[0.071s] -- Up-to-date: /home/loic/ros_ws/install/roboto/share/roboto/robot_description/rviz_bot/chassi/robot_rviz.urdf
[0.071s] -- Up-to-date: /home/loic/ros_ws/install/roboto/share/roboto/robot_description/rviz_bot/chassi/support.stl
[0.072s] -- Up-to-date: /home/loic/ros_ws/install/roboto/share/roboto/robot_description/rviz_bot/robot.urdf.xacro
[0.072s] -- Up-to-date: /home/loic/ros_ws/install/roboto/share/roboto/robot_description/rviz_bot/robot_rviz.urdf
[0.072s] -- Up-to-date: /home/loic/ros_ws/install/roboto/share/roboto/robot_description/meshes
[0.072s] -- Up-to-date: /home/loic/ros_ws/install/roboto/share/roboto/robot_description/meshes/STL
[0.072s] -- Up-to-date: /home/loic/ros_ws/install/roboto/share/roboto/robot_description/meshes/STL/base
[0.072s] -- Up-to-date: /home/loic/ros_ws/install/roboto/share/roboto/robot_description/meshes/STL/base/base_link.stl
[0.072s] -- Up-to-date: /home/loic/ros_ws/install/roboto/share/roboto/robot_description/meshes/STL/omni_wheel
[0.072s] -- Up-to-date: /home/loic/ros_ws/install/roboto/share/roboto/robot_description/meshes/STL/omni_wheel/omni_wheel.stl
[0.072s] -- Up-to-date: /home/loic/ros_ws/install/roboto/share/roboto/robot_description/meshes/STL/roller
[0.073s] -- Up-to-date: /home/loic/ros_ws/install/roboto/share/roboto/robot_description/meshes/STL/roller/roller.stl
[0.073s] -- Up-to-date: /home/loic/ros_ws/install/roboto/share/roboto/robot_description/meshes/DAE
[0.073s] -- Up-to-date: /home/loic/ros_ws/install/roboto/share/roboto/robot_description/meshes/DAE/base
[0.073s] -- Up-to-date: /home/loic/ros_ws/install/roboto/share/roboto/robot_description/meshes/DAE/base/base_link.stl
[0.074s] -- Up-to-date: /home/loic/ros_ws/install/roboto/share/roboto/robot_description/meshes/DAE/omni_wheel
[0.074s] -- Up-to-date: /home/loic/ros_ws/install/roboto/share/roboto/robot_description/meshes/DAE/omni_wheel/omni_wheel.dae
[0.074s] -- Up-to-date: /home/loic/ros_ws/install/roboto/share/roboto/robot_description/meshes/DAE/roller
[0.074s] -- Up-to-date: /home/loic/ros_ws/install/roboto/share/roboto/robot_description/meshes/DAE/roller/roller.dae
[0.074s] -- Up-to-date: /home/loic/ros_ws/install/roboto/share/roboto/robot_description/sim_bot
[0.074s] -- Up-to-date: /home/loic/ros_ws/install/roboto/share/roboto/robot_description/sim_bot/robots
[0.074s] -- Up-to-date: /home/loic/ros_ws/install/roboto/share/roboto/robot_description/sim_bot/robots/omni_robot.urdf.xacro
[0.074s] -- Up-to-date: /home/loic/ros_ws/install/roboto/share/roboto/robot_description/sim_bot/robots/robot_core.urdf.xacro
[0.075s] -- Up-to-date: /home/loic/ros_ws/install/roboto/share/roboto/robot_description/sim_bot/robots/test.sdf
[0.075s] -- Up-to-date: /home/loic/ros_ws/install/roboto/share/roboto/robot_description/sim_bot/robots/gazebo.xacro
[0.075s] -- Up-to-date: /home/loic/ros_ws/install/roboto/share/roboto/robot_description/sim_bot/robots/test.urdf
[0.075s] -- Up-to-date: /home/loic/ros_ws/install/roboto/share/roboto/robot_description/sim_bot/robots/ros2_control.xacro
[0.075s] -- Up-to-date: /home/loic/ros_ws/install/roboto/share/roboto/robot_description/sim_bot/omni_wheel
[0.075s] -- Up-to-date: /home/loic/ros_ws/install/roboto/share/roboto/robot_description/sim_bot/omni_wheel/omni_wheel.gazebo.xacro
[0.076s] -- Up-to-date: /home/loic/ros_ws/install/roboto/share/roboto/robot_description/sim_bot/omni_wheel/omni_wheel.urdf.xacro
[0.076s] -- Up-to-date: /home/loic/ros_ws/install/roboto/share/roboto/robot_description/sim_bot/roller
[0.076s] -- Up-to-date: /home/loic/ros_ws/install/roboto/share/roboto/robot_description/sim_bot/roller/roller.urdf.xacro
[0.076s] -- Up-to-date: /home/loic/ros_ws/install/roboto/share/roboto/robot_description/sim_bot/roller/roller.gazebo.xacro
[0.076s] -- Up-to-date: /home/loic/ros_ws/install/roboto/share/roboto/launch
[0.076s] -- Up-to-date: /home/loic/ros_ws/install/roboto/share/roboto/launch/sim_launch.launch.py
[0.076s] -- Up-to-date: /home/loic/ros_ws/install/roboto/share/roboto/launch/test_launch.launch.py
[0.076s] -- Up-to-date: /home/loic/ros_ws/install/roboto/share/roboto/world
[0.076s] -- Up-to-date: /home/loic/ros_ws/install/roboto/share/roboto/world/test_ground1.sdf
[0.076s] -- Up-to-date: /home/loic/ros_ws/install/roboto/share/roboto/world/test_ground.sdf
[0.077s] -- Up-to-date: /home/loic/ros_ws/install/roboto/share/roboto/world/building
[0.077s] -- Up-to-date: /home/loic/ros_ws/install/roboto/share/roboto/world/building/nexwall
[0.077s] -- Up-to-date: /home/loic/ros_ws/install/roboto/share/roboto/world/building/nexwall/model.sdf
[0.077s] -- Up-to-date: /home/loic/ros_ws/install/roboto/share/roboto/world/building/nexwall/model.config
[0.077s] -- Up-to-date: /home/loic/ros_ws/install/roboto/share/roboto/world/building/testground
[0.077s] -- Up-to-date: /home/loic/ros_ws/install/roboto/share/roboto/world/building/testground/model.sdf
[0.077s] -- Up-to-date: /home/loic/ros_ws/install/roboto/share/roboto/world/building/testground/model.config
[0.077s] -- Up-to-date: /home/loic/ros_ws/install/roboto/share/roboto/world/finalground.sdf
[0.077s] -- Up-to-date: /home/loic/ros_ws/install/roboto/share/roboto/config
[0.078s] -- Up-to-date: /home/loic/ros_ws/install/roboto/share/roboto/config/my_controllers.yaml
[0.078s] -- Up-to-date: /home/loic/ros_ws/install/roboto/share/ament_index/resource_index/package_run_dependencies/roboto
[0.078s] -- Up-to-date: /home/loic/ros_ws/install/roboto/share/ament_index/resource_index/parent_prefix_path/roboto
[0.078s] -- Up-to-date: /home/loic/ros_ws/install/roboto/share/roboto/environment/ament_prefix_path.sh
[0.078s] -- Up-to-date: /home/loic/ros_ws/install/roboto/share/roboto/environment/ament_prefix_path.dsv
[0.078s] -- Up-to-date: /home/loic/ros_ws/install/roboto/share/roboto/environment/path.sh
[0.078s] -- Up-to-date: /home/loic/ros_ws/install/roboto/share/roboto/environment/path.dsv
[0.078s] -- Up-to-date: /home/loic/ros_ws/install/roboto/share/roboto/local_setup.bash
[0.078s] -- Up-to-date: /home/loic/ros_ws/install/roboto/share/roboto/local_setup.sh
[0.079s] -- Up-to-date: /home/loic/ros_ws/install/roboto/share/roboto/local_setup.zsh
[0.079s] -- Up-to-date: /home/loic/ros_ws/install/roboto/share/roboto/local_setup.dsv
[0.079s] -- Installing: /home/loic/ros_ws/install/roboto/share/roboto/package.dsv
[0.079s] -- Up-to-date: /home/loic/ros_ws/install/roboto/share/ament_index/resource_index/packages/roboto
[0.079s] -- Up-to-date: /home/loic/ros_ws/install/roboto/share/roboto/cmake/robotoConfig.cmake
[0.079s] -- Up-to-date: /home/loic/ros_ws/install/roboto/share/roboto/cmake/robotoConfig-version.cmake
[0.080s] -- Up-to-date: /home/loic/ros_ws/install/roboto/share/roboto/package.xml
[0.113s] Invoked command in '/home/loic/ros_ws/build/roboto' returned '0': CMAKE_PREFIX_PATH=${CMAKE_PREFIX_PATH}:/opt/ros/humble /usr/local/bin/cmake --install /home/loic/ros_ws/build/roboto
