[0.103s] DEBUG:colcon:Command line arguments: ['/usr/bin/colcon', 'build']
[0.103s] DEBUG:colcon:Parsed command line arguments: Namespace(log_base=None, log_level=None, verb_name='build', build_base='build', install_base='install', merge_install=False, symlink_install=False, test_result_base=None, continue_on_error=False, executor='parallel', parallel_workers=12, event_handlers=None, ignore_user_meta=False, metas=['./colcon.meta'], base_paths=['.'], packages_ignore=None, packages_ignore_regex=None, paths=None, packages_up_to=None, packages_up_to_regex=None, packages_above=None, packages_above_and_dependencies=None, packages_above_depth=None, packages_select_by_dep=None, packages_skip_by_dep=None, packages_skip_up_to=None, packages_select_build_failed=False, packages_skip_build_finished=False, packages_select_test_failures=False, packages_skip_test_passed=False, packages_select=None, packages_skip=None, packages_select_regex=None, packages_skip_regex=None, packages_start=None, packages_end=None, allow_overriding=[], cmake_args=None, cmake_target=None, cmake_target_skip_unavailable=False, cmake_clean_cache=False, cmake_clean_first=False, cmake_force_configure=False, ament_cmake_args=None, catkin_cmake_args=None, catkin_skip_building_tests=False, mixin_files=None, mixin=None, verb_parser=<colcon_mixin.mixin.mixin_argument.MixinArgumentDecorator object at 0x7c69f22bb220>, verb_extension=<colcon_core.verb.build.BuildVerb object at 0x7c69f22bab90>, main=<bound method BuildVerb.main of <colcon_core.verb.build.BuildVerb object at 0x7c69f22bab90>>, mixin_verb=('build',))
[0.271s] Level 1:colcon.colcon_core.package_discovery:discover_packages(colcon_meta) check parameters
[0.271s] Level 1:colcon.colcon_core.package_discovery:discover_packages(recursive) check parameters
[0.271s] Level 1:colcon.colcon_core.package_discovery:discover_packages(ignore) check parameters
[0.271s] Level 1:colcon.colcon_core.package_discovery:discover_packages(path) check parameters
[0.271s] Level 1:colcon.colcon_core.package_discovery:discover_packages(colcon_meta) discover
[0.271s] Level 1:colcon.colcon_core.package_discovery:discover_packages(recursive) discover
[0.271s] INFO:colcon.colcon_core.package_discovery:Crawling recursively for packages in '/home/loic/ros_ws'
[0.271s] Level 1:colcon.colcon_core.package_identification:_identify(.) by extensions ['ignore', 'ignore_ament_install']
[0.272s] Level 1:colcon.colcon_core.package_identification:_identify(.) by extension 'ignore'
[0.272s] Level 1:colcon.colcon_core.package_identification:_identify(.) by extension 'ignore_ament_install'
[0.272s] Level 1:colcon.colcon_core.package_identification:_identify(.) by extensions ['colcon_pkg']
[0.272s] Level 1:colcon.colcon_core.package_identification:_identify(.) by extension 'colcon_pkg'
[0.272s] Level 1:colcon.colcon_core.package_identification:_identify(.) by extensions ['colcon_meta']
[0.272s] Level 1:colcon.colcon_core.package_identification:_identify(.) by extension 'colcon_meta'
[0.272s] Level 1:colcon.colcon_core.package_identification:_identify(.) by extensions ['ros']
[0.272s] Level 1:colcon.colcon_core.package_identification:_identify(.) by extension 'ros'
[0.282s] Level 1:colcon.colcon_core.package_identification:_identify(.) by extensions ['cmake', 'python']
[0.282s] Level 1:colcon.colcon_core.package_identification:_identify(.) by extension 'cmake'
[0.282s] Level 1:colcon.colcon_core.package_identification:_identify(.) by extension 'python'
[0.282s] Level 1:colcon.colcon_core.package_identification:_identify(.) by extensions ['python_setup_py']
[0.282s] Level 1:colcon.colcon_core.package_identification:_identify(.) by extension 'python_setup_py'
[0.282s] Level 1:colcon.colcon_core.package_identification:_identify(build) by extensions ['ignore', 'ignore_ament_install']
[0.282s] Level 1:colcon.colcon_core.package_identification:_identify(build) by extension 'ignore'
[0.282s] Level 1:colcon.colcon_core.package_identification:_identify(build) ignored
[0.282s] Level 1:colcon.colcon_core.package_identification:_identify(install) by extensions ['ignore', 'ignore_ament_install']
[0.282s] Level 1:colcon.colcon_core.package_identification:_identify(install) by extension 'ignore'
[0.282s] Level 1:colcon.colcon_core.package_identification:_identify(install) ignored
[0.283s] Level 1:colcon.colcon_core.package_identification:_identify(log) by extensions ['ignore', 'ignore_ament_install']
[0.283s] Level 1:colcon.colcon_core.package_identification:_identify(log) by extension 'ignore'
[0.283s] Level 1:colcon.colcon_core.package_identification:_identify(log) ignored
[0.283s] Level 1:colcon.colcon_core.package_identification:_identify(src) by extensions ['ignore', 'ignore_ament_install']
[0.283s] Level 1:colcon.colcon_core.package_identification:_identify(src) by extension 'ignore'
[0.283s] Level 1:colcon.colcon_core.package_identification:_identify(src) by extension 'ignore_ament_install'
[0.283s] Level 1:colcon.colcon_core.package_identification:_identify(src) by extensions ['colcon_pkg']
[0.283s] Level 1:colcon.colcon_core.package_identification:_identify(src) by extension 'colcon_pkg'
[0.283s] Level 1:colcon.colcon_core.package_identification:_identify(src) by extensions ['colcon_meta']
[0.283s] Level 1:colcon.colcon_core.package_identification:_identify(src) by extension 'colcon_meta'
[0.283s] Level 1:colcon.colcon_core.package_identification:_identify(src) by extensions ['ros']
[0.283s] Level 1:colcon.colcon_core.package_identification:_identify(src) by extension 'ros'
[0.283s] Level 1:colcon.colcon_core.package_identification:_identify(src) by extensions ['cmake', 'python']
[0.283s] Level 1:colcon.colcon_core.package_identification:_identify(src) by extension 'cmake'
[0.283s] Level 1:colcon.colcon_core.package_identification:_identify(src) by extension 'python'
[0.283s] Level 1:colcon.colcon_core.package_identification:_identify(src) by extensions ['python_setup_py']
[0.283s] Level 1:colcon.colcon_core.package_identification:_identify(src) by extension 'python_setup_py'
[0.284s] Level 1:colcon.colcon_core.package_identification:_identify(src/omni_robot_controller) by extensions ['ignore', 'ignore_ament_install']
[0.284s] Level 1:colcon.colcon_core.package_identification:_identify(src/omni_robot_controller) by extension 'ignore'
[0.284s] Level 1:colcon.colcon_core.package_identification:_identify(src/omni_robot_controller) by extension 'ignore_ament_install'
[0.284s] Level 1:colcon.colcon_core.package_identification:_identify(src/omni_robot_controller) by extensions ['colcon_pkg']
[0.284s] Level 1:colcon.colcon_core.package_identification:_identify(src/omni_robot_controller) by extension 'colcon_pkg'
[0.284s] Level 1:colcon.colcon_core.package_identification:_identify(src/omni_robot_controller) by extensions ['colcon_meta']
[0.284s] Level 1:colcon.colcon_core.package_identification:_identify(src/omni_robot_controller) by extension 'colcon_meta'
[0.284s] Level 1:colcon.colcon_core.package_identification:_identify(src/omni_robot_controller) by extensions ['ros']
[0.284s] Level 1:colcon.colcon_core.package_identification:_identify(src/omni_robot_controller) by extension 'ros'
[0.286s] DEBUG:colcon.colcon_core.package_identification:Package 'src/omni_robot_controller' with type 'ros.ament_cmake' and name 'omni_robot_controller'
[0.286s] Level 1:colcon.colcon_core.package_identification:_identify(src/robot_nav) by extensions ['ignore', 'ignore_ament_install']
[0.286s] Level 1:colcon.colcon_core.package_identification:_identify(src/robot_nav) by extension 'ignore'
[0.286s] Level 1:colcon.colcon_core.package_identification:_identify(src/robot_nav) by extension 'ignore_ament_install'
[0.286s] Level 1:colcon.colcon_core.package_identification:_identify(src/robot_nav) by extensions ['colcon_pkg']
[0.286s] Level 1:colcon.colcon_core.package_identification:_identify(src/robot_nav) by extension 'colcon_pkg'
[0.286s] Level 1:colcon.colcon_core.package_identification:_identify(src/robot_nav) by extensions ['colcon_meta']
[0.286s] Level 1:colcon.colcon_core.package_identification:_identify(src/robot_nav) by extension 'colcon_meta'
[0.286s] Level 1:colcon.colcon_core.package_identification:_identify(src/robot_nav) by extensions ['ros']
[0.286s] Level 1:colcon.colcon_core.package_identification:_identify(src/robot_nav) by extension 'ros'
[0.287s] DEBUG:colcon.colcon_core.package_identification:Package 'src/robot_nav' with type 'ros.ament_cmake' and name 'robot_nav'
[0.287s] Level 1:colcon.colcon_core.package_identification:_identify(src/roboto) by extensions ['ignore', 'ignore_ament_install']
[0.287s] Level 1:colcon.colcon_core.package_identification:_identify(src/roboto) by extension 'ignore'
[0.287s] Level 1:colcon.colcon_core.package_identification:_identify(src/roboto) by extension 'ignore_ament_install'
[0.287s] Level 1:colcon.colcon_core.package_identification:_identify(src/roboto) by extensions ['colcon_pkg']
[0.287s] Level 1:colcon.colcon_core.package_identification:_identify(src/roboto) by extension 'colcon_pkg'
[0.287s] Level 1:colcon.colcon_core.package_identification:_identify(src/roboto) by extensions ['colcon_meta']
[0.287s] Level 1:colcon.colcon_core.package_identification:_identify(src/roboto) by extension 'colcon_meta'
[0.287s] Level 1:colcon.colcon_core.package_identification:_identify(src/roboto) by extensions ['ros']
[0.287s] Level 1:colcon.colcon_core.package_identification:_identify(src/roboto) by extension 'ros'
[0.288s] DEBUG:colcon.colcon_core.package_identification:Package 'src/roboto' with type 'ros.ament_cmake' and name 'roboto'
[0.288s] Level 1:colcon.colcon_core.package_discovery:discover_packages(recursive) using defaults
[0.288s] Level 1:colcon.colcon_core.package_discovery:discover_packages(ignore) discover
[0.288s] Level 1:colcon.colcon_core.package_discovery:discover_packages(ignore) using defaults
[0.288s] Level 1:colcon.colcon_core.package_discovery:discover_packages(path) discover
[0.288s] Level 1:colcon.colcon_core.package_discovery:discover_packages(path) using defaults
[0.318s] Level 1:colcon.colcon_core.package_discovery:discover_packages(prefix_path) check parameters
[0.319s] Level 1:colcon.colcon_core.package_discovery:discover_packages(prefix_path) discover
[0.320s] DEBUG:colcon.colcon_installed_package_information.package_discovery:Found 3 installed packages in /home/loic/ros_ws/install
[0.322s] DEBUG:colcon.colcon_installed_package_information.package_discovery:Found 345 installed packages in /opt/ros/humble
[0.323s] Level 1:colcon.colcon_core.package_discovery:discover_packages(prefix_path) using defaults
[0.362s] Level 5:colcon.colcon_core.verb:set package 'omni_robot_controller' build argument 'cmake_args' from command line to 'None'
[0.362s] Level 5:colcon.colcon_core.verb:set package 'omni_robot_controller' build argument 'cmake_target' from command line to 'None'
[0.362s] Level 5:colcon.colcon_core.verb:set package 'omni_robot_controller' build argument 'cmake_target_skip_unavailable' from command line to 'False'
[0.362s] Level 5:colcon.colcon_core.verb:set package 'omni_robot_controller' build argument 'cmake_clean_cache' from command line to 'False'
[0.362s] Level 5:colcon.colcon_core.verb:set package 'omni_robot_controller' build argument 'cmake_clean_first' from command line to 'False'
[0.362s] Level 5:colcon.colcon_core.verb:set package 'omni_robot_controller' build argument 'cmake_force_configure' from command line to 'False'
[0.362s] Level 5:colcon.colcon_core.verb:set package 'omni_robot_controller' build argument 'ament_cmake_args' from command line to 'None'
[0.362s] Level 5:colcon.colcon_core.verb:set package 'omni_robot_controller' build argument 'catkin_cmake_args' from command line to 'None'
[0.362s] Level 5:colcon.colcon_core.verb:set package 'omni_robot_controller' build argument 'catkin_skip_building_tests' from command line to 'False'
[0.362s] DEBUG:colcon.colcon_core.verb:Building package 'omni_robot_controller' with the following arguments: {'ament_cmake_args': None, 'build_base': '/home/loic/ros_ws/build/omni_robot_controller', 'catkin_cmake_args': None, 'catkin_skip_building_tests': False, 'cmake_args': None, 'cmake_clean_cache': False, 'cmake_clean_first': False, 'cmake_force_configure': False, 'cmake_target': None, 'cmake_target_skip_unavailable': False, 'install_base': '/home/loic/ros_ws/install/omni_robot_controller', 'merge_install': False, 'path': '/home/loic/ros_ws/src/omni_robot_controller', 'symlink_install': False, 'test_result_base': None}
[0.362s] Level 5:colcon.colcon_core.verb:set package 'robot_nav' build argument 'cmake_args' from command line to 'None'
[0.362s] Level 5:colcon.colcon_core.verb:set package 'robot_nav' build argument 'cmake_target' from command line to 'None'
[0.362s] Level 5:colcon.colcon_core.verb:set package 'robot_nav' build argument 'cmake_target_skip_unavailable' from command line to 'False'
[0.362s] Level 5:colcon.colcon_core.verb:set package 'robot_nav' build argument 'cmake_clean_cache' from command line to 'False'
[0.362s] Level 5:colcon.colcon_core.verb:set package 'robot_nav' build argument 'cmake_clean_first' from command line to 'False'
[0.362s] Level 5:colcon.colcon_core.verb:set package 'robot_nav' build argument 'cmake_force_configure' from command line to 'False'
[0.363s] Level 5:colcon.colcon_core.verb:set package 'robot_nav' build argument 'ament_cmake_args' from command line to 'None'
[0.363s] Level 5:colcon.colcon_core.verb:set package 'robot_nav' build argument 'catkin_cmake_args' from command line to 'None'
[0.363s] Level 5:colcon.colcon_core.verb:set package 'robot_nav' build argument 'catkin_skip_building_tests' from command line to 'False'
[0.363s] DEBUG:colcon.colcon_core.verb:Building package 'robot_nav' with the following arguments: {'ament_cmake_args': None, 'build_base': '/home/loic/ros_ws/build/robot_nav', 'catkin_cmake_args': None, 'catkin_skip_building_tests': False, 'cmake_args': None, 'cmake_clean_cache': False, 'cmake_clean_first': False, 'cmake_force_configure': False, 'cmake_target': None, 'cmake_target_skip_unavailable': False, 'install_base': '/home/loic/ros_ws/install/robot_nav', 'merge_install': False, 'path': '/home/loic/ros_ws/src/robot_nav', 'symlink_install': False, 'test_result_base': None}
[0.363s] Level 5:colcon.colcon_core.verb:set package 'roboto' build argument 'cmake_args' from command line to 'None'
[0.363s] Level 5:colcon.colcon_core.verb:set package 'roboto' build argument 'cmake_target' from command line to 'None'
[0.363s] Level 5:colcon.colcon_core.verb:set package 'roboto' build argument 'cmake_target_skip_unavailable' from command line to 'False'
[0.363s] Level 5:colcon.colcon_core.verb:set package 'roboto' build argument 'cmake_clean_cache' from command line to 'False'
[0.363s] Level 5:colcon.colcon_core.verb:set package 'roboto' build argument 'cmake_clean_first' from command line to 'False'
[0.363s] Level 5:colcon.colcon_core.verb:set package 'roboto' build argument 'cmake_force_configure' from command line to 'False'
[0.363s] Level 5:colcon.colcon_core.verb:set package 'roboto' build argument 'ament_cmake_args' from command line to 'None'
[0.363s] Level 5:colcon.colcon_core.verb:set package 'roboto' build argument 'catkin_cmake_args' from command line to 'None'
[0.363s] Level 5:colcon.colcon_core.verb:set package 'roboto' build argument 'catkin_skip_building_tests' from command line to 'False'
[0.363s] DEBUG:colcon.colcon_core.verb:Building package 'roboto' with the following arguments: {'ament_cmake_args': None, 'build_base': '/home/loic/ros_ws/build/roboto', 'catkin_cmake_args': None, 'catkin_skip_building_tests': False, 'cmake_args': None, 'cmake_clean_cache': False, 'cmake_clean_first': False, 'cmake_force_configure': False, 'cmake_target': None, 'cmake_target_skip_unavailable': False, 'install_base': '/home/loic/ros_ws/install/roboto', 'merge_install': False, 'path': '/home/loic/ros_ws/src/roboto', 'symlink_install': False, 'test_result_base': None}
[0.363s] INFO:colcon.colcon_core.executor:Executing jobs using 'parallel' executor
[0.364s] DEBUG:colcon.colcon_parallel_executor.executor.parallel:run_until_complete
[0.365s] INFO:colcon.colcon_ros.task.ament_cmake.build:Building ROS package in '/home/loic/ros_ws/src/omni_robot_controller' with build type 'ament_cmake'
[0.365s] INFO:colcon.colcon_cmake.task.cmake.build:Building CMake package in '/home/loic/ros_ws/src/omni_robot_controller'
[0.367s] INFO:colcon.colcon_core.plugin_system:Skipping extension 'colcon_core.shell.bat': Not used on non-Windows systems
[0.368s] INFO:colcon.colcon_core.shell:Skip shell extension 'powershell' for command environment: Not usable outside of PowerShell
[0.368s] DEBUG:colcon.colcon_core.shell:Skip shell extension 'dsv' for command environment
[0.371s] INFO:colcon.colcon_ros.task.ament_cmake.build:Building ROS package in '/home/loic/ros_ws/src/robot_nav' with build type 'ament_cmake'
[0.372s] INFO:colcon.colcon_cmake.task.cmake.build:Building CMake package in '/home/loic/ros_ws/src/robot_nav'
[0.372s] INFO:colcon.colcon_core.shell:Skip shell extension 'powershell' for command environment: Not usable outside of PowerShell
[0.372s] DEBUG:colcon.colcon_core.shell:Skip shell extension 'dsv' for command environment
[0.375s] INFO:colcon.colcon_ros.task.ament_cmake.build:Building ROS package in '/home/loic/ros_ws/src/roboto' with build type 'ament_cmake'
[0.375s] INFO:colcon.colcon_cmake.task.cmake.build:Building CMake package in '/home/loic/ros_ws/src/roboto'
[0.375s] INFO:colcon.colcon_core.shell:Skip shell extension 'powershell' for command environment: Not usable outside of PowerShell
[0.375s] DEBUG:colcon.colcon_core.shell:Skip shell extension 'dsv' for command environment
[0.384s] DEBUG:colcon.colcon_core.event_handler.log_command:Invoking command in '/home/loic/ros_ws/build/omni_robot_controller': CMAKE_PREFIX_PATH=${CMAKE_PREFIX_PATH}:/opt/ros/humble /usr/local/bin/cmake --build /home/loic/ros_ws/build/omni_robot_controller -- -j12 -l12
[0.388s] DEBUG:colcon.colcon_core.event_handler.log_command:Invoking command in '/home/loic/ros_ws/build/robot_nav': CMAKE_PREFIX_PATH=${CMAKE_PREFIX_PATH}:/opt/ros/humble /usr/local/bin/cmake --build /home/loic/ros_ws/build/robot_nav -- -j12 -l12
[0.418s] DEBUG:colcon.colcon_core.event_handler.log_command:Invoking command in '/home/loic/ros_ws/build/roboto': CMAKE_PREFIX_PATH=${CMAKE_PREFIX_PATH}:/opt/ros/humble /usr/local/bin/cmake --build /home/loic/ros_ws/build/roboto -- -j12 -l12
[0.419s] DEBUG:colcon.colcon_core.event_handler.log_command:Invoked command in '/home/loic/ros_ws/build/omni_robot_controller' returned '0': CMAKE_PREFIX_PATH=${CMAKE_PREFIX_PATH}:/opt/ros/humble /usr/local/bin/cmake --build /home/loic/ros_ws/build/omni_robot_controller -- -j12 -l12
[0.424s] DEBUG:colcon.colcon_core.event_handler.log_command:Invoking command in '/home/loic/ros_ws/build/omni_robot_controller': CMAKE_PREFIX_PATH=${CMAKE_PREFIX_PATH}:/opt/ros/humble /usr/local/bin/cmake --install /home/loic/ros_ws/build/omni_robot_controller
[0.425s] DEBUG:colcon.colcon_core.event_handler.log_command:Invoked command in '/home/loic/ros_ws/build/robot_nav' returned '0': CMAKE_PREFIX_PATH=${CMAKE_PREFIX_PATH}:/opt/ros/humble /usr/local/bin/cmake --build /home/loic/ros_ws/build/robot_nav -- -j12 -l12
[0.426s] DEBUG:colcon.colcon_core.event_handler.log_command:Invoking command in '/home/loic/ros_ws/build/robot_nav': CMAKE_PREFIX_PATH=${CMAKE_PREFIX_PATH}:/opt/ros/humble /usr/local/bin/cmake --install /home/loic/ros_ws/build/robot_nav
[0.431s] Level 1:colcon.colcon_core.environment:create_environment_scripts_only(omni_robot_controller)
[0.432s] DEBUG:colcon.colcon_core.event_handler.log_command:Invoked command in '/home/loic/ros_ws/build/omni_robot_controller' returned '0': CMAKE_PREFIX_PATH=${CMAKE_PREFIX_PATH}:/opt/ros/humble /usr/local/bin/cmake --install /home/loic/ros_ws/build/omni_robot_controller
[0.434s] Level 1:colcon.colcon_core.environment:checking '/home/loic/ros_ws/install/omni_robot_controller' for CMake module files
[0.435s] Level 1:colcon.colcon_core.environment:checking '/home/loic/ros_ws/install/omni_robot_controller' for CMake config files
[0.435s] Level 1:colcon.colcon_core.shell:create_environment_hook('omni_robot_controller', 'cmake_prefix_path')
[0.435s] INFO:colcon.colcon_core.shell:Creating environment hook '/home/loic/ros_ws/install/omni_robot_controller/share/omni_robot_controller/hook/cmake_prefix_path.ps1'
[0.436s] INFO:colcon.colcon_core.shell:Creating environment descriptor '/home/loic/ros_ws/install/omni_robot_controller/share/omni_robot_controller/hook/cmake_prefix_path.dsv'
[0.436s] INFO:colcon.colcon_core.shell:Creating environment hook '/home/loic/ros_ws/install/omni_robot_controller/share/omni_robot_controller/hook/cmake_prefix_path.sh'
[0.437s] Level 1:colcon.colcon_core.environment:checking '/home/loic/ros_ws/install/omni_robot_controller/lib'
[0.437s] Level 1:colcon.colcon_core.environment:checking '/home/loic/ros_ws/install/omni_robot_controller/bin'
[0.437s] Level 1:colcon.colcon_core.environment:checking '/home/loic/ros_ws/install/omni_robot_controller/lib/pkgconfig/omni_robot_controller.pc'
[0.438s] Level 1:colcon.colcon_core.environment:checking '/home/loic/ros_ws/install/omni_robot_controller/lib/python3.10/site-packages'
[0.438s] Level 1:colcon.colcon_core.environment:checking '/home/loic/ros_ws/install/omni_robot_controller/bin'
[0.438s] INFO:colcon.colcon_core.shell:Creating package script '/home/loic/ros_ws/install/omni_robot_controller/share/omni_robot_controller/package.ps1'
[0.439s] INFO:colcon.colcon_core.shell:Creating package descriptor '/home/loic/ros_ws/install/omni_robot_controller/share/omni_robot_controller/package.dsv'
[0.439s] INFO:colcon.colcon_core.shell:Creating package script '/home/loic/ros_ws/install/omni_robot_controller/share/omni_robot_controller/package.sh'
[0.440s] INFO:colcon.colcon_core.shell:Creating package script '/home/loic/ros_ws/install/omni_robot_controller/share/omni_robot_controller/package.bash'
[0.441s] INFO:colcon.colcon_core.shell:Creating package script '/home/loic/ros_ws/install/omni_robot_controller/share/omni_robot_controller/package.zsh'
[0.442s] Level 1:colcon.colcon_core.environment:create_file_with_runtime_dependencies(/home/loic/ros_ws/install/omni_robot_controller/share/colcon-core/packages/omni_robot_controller)
[0.443s] Level 1:colcon.colcon_core.environment:create_environment_scripts_only(omni_robot_controller)
[0.443s] Level 1:colcon.colcon_core.environment:checking '/home/loic/ros_ws/install/omni_robot_controller' for CMake module files
[0.443s] Level 1:colcon.colcon_core.environment:checking '/home/loic/ros_ws/install/omni_robot_controller' for CMake config files
[0.444s] Level 1:colcon.colcon_core.shell:create_environment_hook('omni_robot_controller', 'cmake_prefix_path')
[0.444s] INFO:colcon.colcon_core.shell:Creating environment hook '/home/loic/ros_ws/install/omni_robot_controller/share/omni_robot_controller/hook/cmake_prefix_path.ps1'
[0.444s] INFO:colcon.colcon_core.shell:Creating environment descriptor '/home/loic/ros_ws/install/omni_robot_controller/share/omni_robot_controller/hook/cmake_prefix_path.dsv'
[0.445s] INFO:colcon.colcon_core.shell:Creating environment hook '/home/loic/ros_ws/install/omni_robot_controller/share/omni_robot_controller/hook/cmake_prefix_path.sh'
[0.445s] Level 1:colcon.colcon_core.environment:checking '/home/loic/ros_ws/install/omni_robot_controller/lib'
[0.446s] Level 1:colcon.colcon_core.environment:checking '/home/loic/ros_ws/install/omni_robot_controller/bin'
[0.446s] Level 1:colcon.colcon_core.environment:checking '/home/loic/ros_ws/install/omni_robot_controller/lib/pkgconfig/omni_robot_controller.pc'
[0.446s] Level 1:colcon.colcon_core.environment:checking '/home/loic/ros_ws/install/omni_robot_controller/lib/python3.10/site-packages'
[0.446s] Level 1:colcon.colcon_core.environment:checking '/home/loic/ros_ws/install/omni_robot_controller/bin'
[0.446s] INFO:colcon.colcon_core.shell:Creating package script '/home/loic/ros_ws/install/omni_robot_controller/share/omni_robot_controller/package.ps1'
[0.447s] INFO:colcon.colcon_core.shell:Creating package descriptor '/home/loic/ros_ws/install/omni_robot_controller/share/omni_robot_controller/package.dsv'
[0.447s] INFO:colcon.colcon_core.shell:Creating package script '/home/loic/ros_ws/install/omni_robot_controller/share/omni_robot_controller/package.sh'
[0.448s] INFO:colcon.colcon_core.shell:Creating package script '/home/loic/ros_ws/install/omni_robot_controller/share/omni_robot_controller/package.bash'
[0.448s] INFO:colcon.colcon_core.shell:Creating package script '/home/loic/ros_ws/install/omni_robot_controller/share/omni_robot_controller/package.zsh'
[0.449s] Level 1:colcon.colcon_core.environment:create_file_with_runtime_dependencies(/home/loic/ros_ws/install/omni_robot_controller/share/colcon-core/packages/omni_robot_controller)
[0.450s] Level 1:colcon.colcon_core.environment:create_environment_scripts_only(robot_nav)
[0.450s] Level 1:colcon.colcon_core.environment:checking '/home/loic/ros_ws/install/robot_nav' for CMake module files
[0.450s] DEBUG:colcon.colcon_core.event_handler.log_command:Invoked command in '/home/loic/ros_ws/build/robot_nav' returned '0': CMAKE_PREFIX_PATH=${CMAKE_PREFIX_PATH}:/opt/ros/humble /usr/local/bin/cmake --install /home/loic/ros_ws/build/robot_nav
[0.451s] Level 1:colcon.colcon_core.environment:checking '/home/loic/ros_ws/install/robot_nav' for CMake config files
[0.451s] Level 1:colcon.colcon_core.shell:create_environment_hook('robot_nav', 'cmake_prefix_path')
[0.451s] INFO:colcon.colcon_core.shell:Creating environment hook '/home/loic/ros_ws/install/robot_nav/share/robot_nav/hook/cmake_prefix_path.ps1'
[0.451s] INFO:colcon.colcon_core.shell:Creating environment descriptor '/home/loic/ros_ws/install/robot_nav/share/robot_nav/hook/cmake_prefix_path.dsv'
[0.452s] INFO:colcon.colcon_core.shell:Creating environment hook '/home/loic/ros_ws/install/robot_nav/share/robot_nav/hook/cmake_prefix_path.sh'
[0.452s] Level 1:colcon.colcon_core.environment:checking '/home/loic/ros_ws/install/robot_nav/bin'
[0.452s] Level 1:colcon.colcon_core.environment:checking '/home/loic/ros_ws/install/robot_nav/lib/pkgconfig/robot_nav.pc'
[0.453s] Level 1:colcon.colcon_core.environment:checking '/home/loic/ros_ws/install/robot_nav/lib/python3.10/site-packages'
[0.453s] Level 1:colcon.colcon_core.environment:checking '/home/loic/ros_ws/install/robot_nav/bin'
[0.453s] INFO:colcon.colcon_core.shell:Creating package script '/home/loic/ros_ws/install/robot_nav/share/robot_nav/package.ps1'
[0.454s] INFO:colcon.colcon_core.shell:Creating package descriptor '/home/loic/ros_ws/install/robot_nav/share/robot_nav/package.dsv'
[0.454s] INFO:colcon.colcon_core.shell:Creating package script '/home/loic/ros_ws/install/robot_nav/share/robot_nav/package.sh'
[0.454s] INFO:colcon.colcon_core.shell:Creating package script '/home/loic/ros_ws/install/robot_nav/share/robot_nav/package.bash'
[0.455s] INFO:colcon.colcon_core.shell:Creating package script '/home/loic/ros_ws/install/robot_nav/share/robot_nav/package.zsh'
[0.455s] Level 1:colcon.colcon_core.environment:create_file_with_runtime_dependencies(/home/loic/ros_ws/install/robot_nav/share/colcon-core/packages/robot_nav)
[0.455s] Level 1:colcon.colcon_core.environment:create_environment_scripts_only(robot_nav)
[0.455s] Level 1:colcon.colcon_core.environment:checking '/home/loic/ros_ws/install/robot_nav' for CMake module files
[0.456s] Level 1:colcon.colcon_core.environment:checking '/home/loic/ros_ws/install/robot_nav' for CMake config files
[0.456s] Level 1:colcon.colcon_core.shell:create_environment_hook('robot_nav', 'cmake_prefix_path')
[0.456s] INFO:colcon.colcon_core.shell:Creating environment hook '/home/loic/ros_ws/install/robot_nav/share/robot_nav/hook/cmake_prefix_path.ps1'
[0.456s] INFO:colcon.colcon_core.shell:Creating environment descriptor '/home/loic/ros_ws/install/robot_nav/share/robot_nav/hook/cmake_prefix_path.dsv'
[0.457s] INFO:colcon.colcon_core.shell:Creating environment hook '/home/loic/ros_ws/install/robot_nav/share/robot_nav/hook/cmake_prefix_path.sh'
[0.457s] Level 1:colcon.colcon_core.environment:checking '/home/loic/ros_ws/install/robot_nav/bin'
[0.457s] Level 1:colcon.colcon_core.environment:checking '/home/loic/ros_ws/install/robot_nav/lib/pkgconfig/robot_nav.pc'
[0.457s] Level 1:colcon.colcon_core.environment:checking '/home/loic/ros_ws/install/robot_nav/lib/python3.10/site-packages'
[0.457s] Level 1:colcon.colcon_core.environment:checking '/home/loic/ros_ws/install/robot_nav/bin'
[0.458s] INFO:colcon.colcon_core.shell:Creating package script '/home/loic/ros_ws/install/robot_nav/share/robot_nav/package.ps1'
[0.458s] INFO:colcon.colcon_core.shell:Creating package descriptor '/home/loic/ros_ws/install/robot_nav/share/robot_nav/package.dsv'
[0.459s] INFO:colcon.colcon_core.shell:Creating package script '/home/loic/ros_ws/install/robot_nav/share/robot_nav/package.sh'
[0.459s] INFO:colcon.colcon_core.shell:Creating package script '/home/loic/ros_ws/install/robot_nav/share/robot_nav/package.bash'
[0.459s] INFO:colcon.colcon_core.shell:Creating package script '/home/loic/ros_ws/install/robot_nav/share/robot_nav/package.zsh'
[0.460s] Level 1:colcon.colcon_core.environment:create_file_with_runtime_dependencies(/home/loic/ros_ws/install/robot_nav/share/colcon-core/packages/robot_nav)
[0.463s] DEBUG:colcon.colcon_core.event_handler.log_command:Invoked command in '/home/loic/ros_ws/build/roboto' returned '0': CMAKE_PREFIX_PATH=${CMAKE_PREFIX_PATH}:/opt/ros/humble /usr/local/bin/cmake --build /home/loic/ros_ws/build/roboto -- -j12 -l12
[0.463s] DEBUG:colcon.colcon_core.event_handler.log_command:Invoking command in '/home/loic/ros_ws/build/roboto': CMAKE_PREFIX_PATH=${CMAKE_PREFIX_PATH}:/opt/ros/humble /usr/local/bin/cmake --install /home/loic/ros_ws/build/roboto
[0.470s] Level 1:colcon.colcon_core.environment:create_environment_scripts_only(roboto)
[0.471s] Level 1:colcon.colcon_core.environment:checking '/home/loic/ros_ws/install/roboto' for CMake module files
[0.473s] DEBUG:colcon.colcon_core.event_handler.log_command:Invoked command in '/home/loic/ros_ws/build/roboto' returned '0': CMAKE_PREFIX_PATH=${CMAKE_PREFIX_PATH}:/opt/ros/humble /usr/local/bin/cmake --install /home/loic/ros_ws/build/roboto
[0.473s] Level 1:colcon.colcon_core.environment:checking '/home/loic/ros_ws/install/roboto' for CMake config files
[0.473s] Level 1:colcon.colcon_core.shell:create_environment_hook('roboto', 'cmake_prefix_path')
[0.474s] INFO:colcon.colcon_core.shell:Creating environment hook '/home/loic/ros_ws/install/roboto/share/roboto/hook/cmake_prefix_path.ps1'
[0.474s] INFO:colcon.colcon_core.shell:Creating environment descriptor '/home/loic/ros_ws/install/roboto/share/roboto/hook/cmake_prefix_path.dsv'
[0.474s] INFO:colcon.colcon_core.shell:Creating environment hook '/home/loic/ros_ws/install/roboto/share/roboto/hook/cmake_prefix_path.sh'
[0.475s] Level 1:colcon.colcon_core.environment:checking '/home/loic/ros_ws/install/roboto/bin'
[0.475s] Level 1:colcon.colcon_core.environment:checking '/home/loic/ros_ws/install/roboto/lib/pkgconfig/roboto.pc'
[0.475s] Level 1:colcon.colcon_core.environment:checking '/home/loic/ros_ws/install/roboto/lib/python3.10/site-packages'
[0.475s] Level 1:colcon.colcon_core.environment:checking '/home/loic/ros_ws/install/roboto/bin'
[0.476s] INFO:colcon.colcon_core.shell:Creating package script '/home/loic/ros_ws/install/roboto/share/roboto/package.ps1'
[0.476s] INFO:colcon.colcon_core.shell:Creating package descriptor '/home/loic/ros_ws/install/roboto/share/roboto/package.dsv'
[0.476s] INFO:colcon.colcon_core.shell:Creating package script '/home/loic/ros_ws/install/roboto/share/roboto/package.sh'
[0.477s] INFO:colcon.colcon_core.shell:Creating package script '/home/loic/ros_ws/install/roboto/share/roboto/package.bash'
[0.477s] INFO:colcon.colcon_core.shell:Creating package script '/home/loic/ros_ws/install/roboto/share/roboto/package.zsh'
[0.477s] Level 1:colcon.colcon_core.environment:create_file_with_runtime_dependencies(/home/loic/ros_ws/install/roboto/share/colcon-core/packages/roboto)
[0.478s] Level 1:colcon.colcon_core.environment:create_environment_scripts_only(roboto)
[0.478s] Level 1:colcon.colcon_core.environment:checking '/home/loic/ros_ws/install/roboto' for CMake module files
[0.478s] Level 1:colcon.colcon_core.environment:checking '/home/loic/ros_ws/install/roboto' for CMake config files
[0.479s] Level 1:colcon.colcon_core.shell:create_environment_hook('roboto', 'cmake_prefix_path')
[0.479s] INFO:colcon.colcon_core.shell:Creating environment hook '/home/loic/ros_ws/install/roboto/share/roboto/hook/cmake_prefix_path.ps1'
[0.479s] INFO:colcon.colcon_core.shell:Creating environment descriptor '/home/loic/ros_ws/install/roboto/share/roboto/hook/cmake_prefix_path.dsv'
[0.480s] INFO:colcon.colcon_core.shell:Creating environment hook '/home/loic/ros_ws/install/roboto/share/roboto/hook/cmake_prefix_path.sh'
[0.480s] Level 1:colcon.colcon_core.environment:checking '/home/loic/ros_ws/install/roboto/bin'
[0.480s] Level 1:colcon.colcon_core.environment:checking '/home/loic/ros_ws/install/roboto/lib/pkgconfig/roboto.pc'
[0.480s] Level 1:colcon.colcon_core.environment:checking '/home/loic/ros_ws/install/roboto/lib/python3.10/site-packages'
[0.481s] Level 1:colcon.colcon_core.environment:checking '/home/loic/ros_ws/install/roboto/bin'
[0.481s] INFO:colcon.colcon_core.shell:Creating package script '/home/loic/ros_ws/install/roboto/share/roboto/package.ps1'
[0.481s] INFO:colcon.colcon_core.shell:Creating package descriptor '/home/loic/ros_ws/install/roboto/share/roboto/package.dsv'
[0.482s] INFO:colcon.colcon_core.shell:Creating package script '/home/loic/ros_ws/install/roboto/share/roboto/package.sh'
[0.482s] INFO:colcon.colcon_core.shell:Creating package script '/home/loic/ros_ws/install/roboto/share/roboto/package.bash'
[0.483s] INFO:colcon.colcon_core.shell:Creating package script '/home/loic/ros_ws/install/roboto/share/roboto/package.zsh'
[0.483s] Level 1:colcon.colcon_core.environment:create_file_with_runtime_dependencies(/home/loic/ros_ws/install/roboto/share/colcon-core/packages/roboto)
[0.483s] DEBUG:colcon.colcon_parallel_executor.executor.parallel:closing loop
[0.484s] DEBUG:colcon.colcon_parallel_executor.executor.parallel:loop closed
[0.484s] DEBUG:colcon.colcon_parallel_executor.executor.parallel:run_until_complete finished with '0'
[0.484s] DEBUG:colcon.colcon_core.event_reactor:joining thread
[0.491s] INFO:colcon.colcon_core.plugin_system:Skipping extension 'colcon_notification.desktop_notification.terminal_notifier': Not used on non-Darwin systems
[0.492s] INFO:colcon.colcon_core.plugin_system:Skipping extension 'colcon_notification.desktop_notification.win32': Not used on non-Windows systems
[0.492s] INFO:colcon.colcon_notification.desktop_notification:Sending desktop notification using 'notify2'
[0.650s] DEBUG:colcon.colcon_core.event_reactor:joined thread
[0.650s] INFO:colcon.colcon_core.shell:Creating prefix script '/home/loic/ros_ws/install/local_setup.ps1'
[0.651s] INFO:colcon.colcon_core.shell:Creating prefix util module '/home/loic/ros_ws/install/_local_setup_util_ps1.py'
[0.652s] INFO:colcon.colcon_core.shell:Creating prefix chain script '/home/loic/ros_ws/install/setup.ps1'
[0.653s] INFO:colcon.colcon_core.shell:Creating prefix script '/home/loic/ros_ws/install/local_setup.sh'
[0.654s] INFO:colcon.colcon_core.shell:Creating prefix util module '/home/loic/ros_ws/install/_local_setup_util_sh.py'
[0.654s] INFO:colcon.colcon_core.shell:Creating prefix chain script '/home/loic/ros_ws/install/setup.sh'
[0.655s] INFO:colcon.colcon_core.shell:Creating prefix script '/home/loic/ros_ws/install/local_setup.bash'
[0.655s] INFO:colcon.colcon_core.shell:Creating prefix chain script '/home/loic/ros_ws/install/setup.bash'
[0.656s] INFO:colcon.colcon_core.shell:Creating prefix script '/home/loic/ros_ws/install/local_setup.zsh'
[0.657s] INFO:colcon.colcon_core.shell:Creating prefix chain script '/home/loic/ros_ws/install/setup.zsh'
