[0.097s] DEBUG:colcon:Command line arguments: ['/usr/bin/colcon', 'build']
[0.097s] DEBUG:colcon:Parsed command line arguments: Namespace(log_base=None, log_level=None, verb_name='build', build_base='build', install_base='install', merge_install=False, symlink_install=False, test_result_base=None, continue_on_error=False, executor='parallel', parallel_workers=12, event_handlers=None, ignore_user_meta=False, metas=['./colcon.meta'], base_paths=['.'], packages_ignore=None, packages_ignore_regex=None, paths=None, packages_up_to=None, packages_up_to_regex=None, packages_above=None, packages_above_and_dependencies=None, packages_above_depth=None, packages_select_by_dep=None, packages_skip_by_dep=None, packages_skip_up_to=None, packages_select_build_failed=False, packages_skip_build_finished=False, packages_select_test_failures=False, packages_skip_test_passed=False, packages_select=None, packages_skip=None, packages_select_regex=None, packages_skip_regex=None, packages_start=None, packages_end=None, allow_overriding=[], cmake_args=None, cmake_target=None, cmake_target_skip_unavailable=False, cmake_clean_cache=False, cmake_clean_first=False, cmake_force_configure=False, ament_cmake_args=None, catkin_cmake_args=None, catkin_skip_building_tests=False, mixin_files=None, mixin=None, verb_parser=<colcon_mixin.mixin.mixin_argument.MixinArgumentDecorator object at 0x7665d2a3f430>, verb_extension=<colcon_core.verb.build.BuildVerb object at 0x7665d2a3eda0>, main=<bound method BuildVerb.main of <colcon_core.verb.build.BuildVerb object at 0x7665d2a3eda0>>, mixin_verb=('build',))
[0.254s] Level 1:colcon.colcon_core.package_discovery:discover_packages(colcon_meta) check parameters
[0.254s] Level 1:colcon.colcon_core.package_discovery:discover_packages(recursive) check parameters
[0.254s] Level 1:colcon.colcon_core.package_discovery:discover_packages(ignore) check parameters
[0.254s] Level 1:colcon.colcon_core.package_discovery:discover_packages(path) check parameters
[0.254s] Level 1:colcon.colcon_core.package_discovery:discover_packages(colcon_meta) discover
[0.254s] Level 1:colcon.colcon_core.package_discovery:discover_packages(recursive) discover
[0.254s] INFO:colcon.colcon_core.package_discovery:Crawling recursively for packages in '/home/loic/ros_ws'
[0.255s] Level 1:colcon.colcon_core.package_identification:_identify(.) by extensions ['ignore', 'ignore_ament_install']
[0.255s] Level 1:colcon.colcon_core.package_identification:_identify(.) by extension 'ignore'
[0.255s] Level 1:colcon.colcon_core.package_identification:_identify(.) by extension 'ignore_ament_install'
[0.255s] Level 1:colcon.colcon_core.package_identification:_identify(.) by extensions ['colcon_pkg']
[0.255s] Level 1:colcon.colcon_core.package_identification:_identify(.) by extension 'colcon_pkg'
[0.255s] Level 1:colcon.colcon_core.package_identification:_identify(.) by extensions ['colcon_meta']
[0.255s] Level 1:colcon.colcon_core.package_identification:_identify(.) by extension 'colcon_meta'
[0.255s] Level 1:colcon.colcon_core.package_identification:_identify(.) by extensions ['ros']
[0.255s] Level 1:colcon.colcon_core.package_identification:_identify(.) by extension 'ros'
[0.264s] Level 1:colcon.colcon_core.package_identification:_identify(.) by extensions ['cmake', 'python']
[0.264s] Level 1:colcon.colcon_core.package_identification:_identify(.) by extension 'cmake'
[0.264s] Level 1:colcon.colcon_core.package_identification:_identify(.) by extension 'python'
[0.264s] Level 1:colcon.colcon_core.package_identification:_identify(.) by extensions ['python_setup_py']
[0.264s] Level 1:colcon.colcon_core.package_identification:_identify(.) by extension 'python_setup_py'
[0.264s] Level 1:colcon.colcon_core.package_identification:_identify(build) by extensions ['ignore', 'ignore_ament_install']
[0.264s] Level 1:colcon.colcon_core.package_identification:_identify(build) by extension 'ignore'
[0.264s] Level 1:colcon.colcon_core.package_identification:_identify(build) ignored
[0.264s] Level 1:colcon.colcon_core.package_identification:_identify(install) by extensions ['ignore', 'ignore_ament_install']
[0.264s] Level 1:colcon.colcon_core.package_identification:_identify(install) by extension 'ignore'
[0.264s] Level 1:colcon.colcon_core.package_identification:_identify(install) ignored
[0.264s] Level 1:colcon.colcon_core.package_identification:_identify(log) by extensions ['ignore', 'ignore_ament_install']
[0.265s] Level 1:colcon.colcon_core.package_identification:_identify(log) by extension 'ignore'
[0.265s] Level 1:colcon.colcon_core.package_identification:_identify(log) ignored
[0.265s] Level 1:colcon.colcon_core.package_identification:_identify(src) by extensions ['ignore', 'ignore_ament_install']
[0.265s] Level 1:colcon.colcon_core.package_identification:_identify(src) by extension 'ignore'
[0.265s] Level 1:colcon.colcon_core.package_identification:_identify(src) by extension 'ignore_ament_install'
[0.265s] Level 1:colcon.colcon_core.package_identification:_identify(src) by extensions ['colcon_pkg']
[0.265s] Level 1:colcon.colcon_core.package_identification:_identify(src) by extension 'colcon_pkg'
[0.265s] Level 1:colcon.colcon_core.package_identification:_identify(src) by extensions ['colcon_meta']
[0.265s] Level 1:colcon.colcon_core.package_identification:_identify(src) by extension 'colcon_meta'
[0.265s] Level 1:colcon.colcon_core.package_identification:_identify(src) by extensions ['ros']
[0.265s] Level 1:colcon.colcon_core.package_identification:_identify(src) by extension 'ros'
[0.265s] Level 1:colcon.colcon_core.package_identification:_identify(src) by extensions ['cmake', 'python']
[0.265s] Level 1:colcon.colcon_core.package_identification:_identify(src) by extension 'cmake'
[0.265s] Level 1:colcon.colcon_core.package_identification:_identify(src) by extension 'python'
[0.265s] Level 1:colcon.colcon_core.package_identification:_identify(src) by extensions ['python_setup_py']
[0.265s] Level 1:colcon.colcon_core.package_identification:_identify(src) by extension 'python_setup_py'
[0.265s] Level 1:colcon.colcon_core.package_identification:_identify(src/omni_robot_controller) by extensions ['ignore', 'ignore_ament_install']
[0.265s] Level 1:colcon.colcon_core.package_identification:_identify(src/omni_robot_controller) by extension 'ignore'
[0.265s] Level 1:colcon.colcon_core.package_identification:_identify(src/omni_robot_controller) by extension 'ignore_ament_install'
[0.265s] Level 1:colcon.colcon_core.package_identification:_identify(src/omni_robot_controller) by extensions ['colcon_pkg']
[0.265s] Level 1:colcon.colcon_core.package_identification:_identify(src/omni_robot_controller) by extension 'colcon_pkg'
[0.266s] Level 1:colcon.colcon_core.package_identification:_identify(src/omni_robot_controller) by extensions ['colcon_meta']
[0.266s] Level 1:colcon.colcon_core.package_identification:_identify(src/omni_robot_controller) by extension 'colcon_meta'
[0.266s] Level 1:colcon.colcon_core.package_identification:_identify(src/omni_robot_controller) by extensions ['ros']
[0.266s] Level 1:colcon.colcon_core.package_identification:_identify(src/omni_robot_controller) by extension 'ros'
[0.267s] DEBUG:colcon.colcon_core.package_identification:Package 'src/omni_robot_controller' with type 'ros.ament_cmake' and name 'omni_robot_controller'
[0.268s] Level 1:colcon.colcon_core.package_identification:_identify(src/rf2o_laser_odometry) by extensions ['ignore', 'ignore_ament_install']
[0.268s] Level 1:colcon.colcon_core.package_identification:_identify(src/rf2o_laser_odometry) by extension 'ignore'
[0.268s] Level 1:colcon.colcon_core.package_identification:_identify(src/rf2o_laser_odometry) by extension 'ignore_ament_install'
[0.268s] Level 1:colcon.colcon_core.package_identification:_identify(src/rf2o_laser_odometry) by extensions ['colcon_pkg']
[0.268s] Level 1:colcon.colcon_core.package_identification:_identify(src/rf2o_laser_odometry) by extension 'colcon_pkg'
[0.268s] Level 1:colcon.colcon_core.package_identification:_identify(src/rf2o_laser_odometry) by extensions ['colcon_meta']
[0.268s] Level 1:colcon.colcon_core.package_identification:_identify(src/rf2o_laser_odometry) by extension 'colcon_meta'
[0.268s] Level 1:colcon.colcon_core.package_identification:_identify(src/rf2o_laser_odometry) by extensions ['ros']
[0.268s] Level 1:colcon.colcon_core.package_identification:_identify(src/rf2o_laser_odometry) by extension 'ros'
[0.269s] DEBUG:colcon.colcon_core.package_identification:Package 'src/rf2o_laser_odometry' with type 'ros.ament_cmake' and name 'rf2o_laser_odometry'
[0.269s] Level 1:colcon.colcon_core.package_identification:_identify(src/robot_nav) by extensions ['ignore', 'ignore_ament_install']
[0.269s] Level 1:colcon.colcon_core.package_identification:_identify(src/robot_nav) by extension 'ignore'
[0.269s] Level 1:colcon.colcon_core.package_identification:_identify(src/robot_nav) by extension 'ignore_ament_install'
[0.269s] Level 1:colcon.colcon_core.package_identification:_identify(src/robot_nav) by extensions ['colcon_pkg']
[0.269s] Level 1:colcon.colcon_core.package_identification:_identify(src/robot_nav) by extension 'colcon_pkg'
[0.269s] Level 1:colcon.colcon_core.package_identification:_identify(src/robot_nav) by extensions ['colcon_meta']
[0.269s] Level 1:colcon.colcon_core.package_identification:_identify(src/robot_nav) by extension 'colcon_meta'
[0.269s] Level 1:colcon.colcon_core.package_identification:_identify(src/robot_nav) by extensions ['ros']
[0.269s] Level 1:colcon.colcon_core.package_identification:_identify(src/robot_nav) by extension 'ros'
[0.270s] DEBUG:colcon.colcon_core.package_identification:Package 'src/robot_nav' with type 'ros.ament_cmake' and name 'robot_nav'
[0.270s] Level 1:colcon.colcon_core.package_identification:_identify(src/roboto) by extensions ['ignore', 'ignore_ament_install']
[0.270s] Level 1:colcon.colcon_core.package_identification:_identify(src/roboto) by extension 'ignore'
[0.270s] Level 1:colcon.colcon_core.package_identification:_identify(src/roboto) by extension 'ignore_ament_install'
[0.270s] Level 1:colcon.colcon_core.package_identification:_identify(src/roboto) by extensions ['colcon_pkg']
[0.270s] Level 1:colcon.colcon_core.package_identification:_identify(src/roboto) by extension 'colcon_pkg'
[0.270s] Level 1:colcon.colcon_core.package_identification:_identify(src/roboto) by extensions ['colcon_meta']
[0.270s] Level 1:colcon.colcon_core.package_identification:_identify(src/roboto) by extension 'colcon_meta'
[0.270s] Level 1:colcon.colcon_core.package_identification:_identify(src/roboto) by extensions ['ros']
[0.270s] Level 1:colcon.colcon_core.package_identification:_identify(src/roboto) by extension 'ros'
[0.271s] DEBUG:colcon.colcon_core.package_identification:Package 'src/roboto' with type 'ros.ament_cmake' and name 'roboto'
[0.271s] Level 1:colcon.colcon_core.package_discovery:discover_packages(recursive) using defaults
[0.271s] Level 1:colcon.colcon_core.package_discovery:discover_packages(ignore) discover
[0.271s] Level 1:colcon.colcon_core.package_discovery:discover_packages(ignore) using defaults
[0.271s] Level 1:colcon.colcon_core.package_discovery:discover_packages(path) discover
[0.271s] Level 1:colcon.colcon_core.package_discovery:discover_packages(path) using defaults
[0.300s] Level 1:colcon.colcon_core.package_discovery:discover_packages(prefix_path) check parameters
[0.300s] Level 1:colcon.colcon_core.package_discovery:discover_packages(prefix_path) discover
[0.301s] DEBUG:colcon.colcon_installed_package_information.package_discovery:Found 4 installed packages in /home/loic/ros_ws/install
[0.303s] DEBUG:colcon.colcon_installed_package_information.package_discovery:Found 380 installed packages in /opt/ros/humble
[0.304s] Level 1:colcon.colcon_core.package_discovery:discover_packages(prefix_path) using defaults
[0.344s] Level 5:colcon.colcon_core.verb:set package 'omni_robot_controller' build argument 'cmake_args' from command line to 'None'
[0.344s] Level 5:colcon.colcon_core.verb:set package 'omni_robot_controller' build argument 'cmake_target' from command line to 'None'
[0.344s] Level 5:colcon.colcon_core.verb:set package 'omni_robot_controller' build argument 'cmake_target_skip_unavailable' from command line to 'False'
[0.344s] Level 5:colcon.colcon_core.verb:set package 'omni_robot_controller' build argument 'cmake_clean_cache' from command line to 'False'
[0.344s] Level 5:colcon.colcon_core.verb:set package 'omni_robot_controller' build argument 'cmake_clean_first' from command line to 'False'
[0.344s] Level 5:colcon.colcon_core.verb:set package 'omni_robot_controller' build argument 'cmake_force_configure' from command line to 'False'
[0.344s] Level 5:colcon.colcon_core.verb:set package 'omni_robot_controller' build argument 'ament_cmake_args' from command line to 'None'
[0.344s] Level 5:colcon.colcon_core.verb:set package 'omni_robot_controller' build argument 'catkin_cmake_args' from command line to 'None'
[0.344s] Level 5:colcon.colcon_core.verb:set package 'omni_robot_controller' build argument 'catkin_skip_building_tests' from command line to 'False'
[0.344s] DEBUG:colcon.colcon_core.verb:Building package 'omni_robot_controller' with the following arguments: {'ament_cmake_args': None, 'build_base': '/home/loic/ros_ws/build/omni_robot_controller', 'catkin_cmake_args': None, 'catkin_skip_building_tests': False, 'cmake_args': None, 'cmake_clean_cache': False, 'cmake_clean_first': False, 'cmake_force_configure': False, 'cmake_target': None, 'cmake_target_skip_unavailable': False, 'install_base': '/home/loic/ros_ws/install/omni_robot_controller', 'merge_install': False, 'path': '/home/loic/ros_ws/src/omni_robot_controller', 'symlink_install': False, 'test_result_base': None}
[0.345s] Level 5:colcon.colcon_core.verb:set package 'rf2o_laser_odometry' build argument 'cmake_args' from command line to 'None'
[0.345s] Level 5:colcon.colcon_core.verb:set package 'rf2o_laser_odometry' build argument 'cmake_target' from command line to 'None'
[0.345s] Level 5:colcon.colcon_core.verb:set package 'rf2o_laser_odometry' build argument 'cmake_target_skip_unavailable' from command line to 'False'
[0.345s] Level 5:colcon.colcon_core.verb:set package 'rf2o_laser_odometry' build argument 'cmake_clean_cache' from command line to 'False'
[0.345s] Level 5:colcon.colcon_core.verb:set package 'rf2o_laser_odometry' build argument 'cmake_clean_first' from command line to 'False'
[0.345s] Level 5:colcon.colcon_core.verb:set package 'rf2o_laser_odometry' build argument 'cmake_force_configure' from command line to 'False'
[0.345s] Level 5:colcon.colcon_core.verb:set package 'rf2o_laser_odometry' build argument 'ament_cmake_args' from command line to 'None'
[0.345s] Level 5:colcon.colcon_core.verb:set package 'rf2o_laser_odometry' build argument 'catkin_cmake_args' from command line to 'None'
[0.345s] Level 5:colcon.colcon_core.verb:set package 'rf2o_laser_odometry' build argument 'catkin_skip_building_tests' from command line to 'False'
[0.345s] DEBUG:colcon.colcon_core.verb:Building package 'rf2o_laser_odometry' with the following arguments: {'ament_cmake_args': None, 'build_base': '/home/loic/ros_ws/build/rf2o_laser_odometry', 'catkin_cmake_args': None, 'catkin_skip_building_tests': False, 'cmake_args': None, 'cmake_clean_cache': False, 'cmake_clean_first': False, 'cmake_force_configure': False, 'cmake_target': None, 'cmake_target_skip_unavailable': False, 'install_base': '/home/loic/ros_ws/install/rf2o_laser_odometry', 'merge_install': False, 'path': '/home/loic/ros_ws/src/rf2o_laser_odometry', 'symlink_install': False, 'test_result_base': None}
[0.345s] Level 5:colcon.colcon_core.verb:set package 'robot_nav' build argument 'cmake_args' from command line to 'None'
[0.345s] Level 5:colcon.colcon_core.verb:set package 'robot_nav' build argument 'cmake_target' from command line to 'None'
[0.345s] Level 5:colcon.colcon_core.verb:set package 'robot_nav' build argument 'cmake_target_skip_unavailable' from command line to 'False'
[0.345s] Level 5:colcon.colcon_core.verb:set package 'robot_nav' build argument 'cmake_clean_cache' from command line to 'False'
[0.345s] Level 5:colcon.colcon_core.verb:set package 'robot_nav' build argument 'cmake_clean_first' from command line to 'False'
[0.345s] Level 5:colcon.colcon_core.verb:set package 'robot_nav' build argument 'cmake_force_configure' from command line to 'False'
[0.345s] Level 5:colcon.colcon_core.verb:set package 'robot_nav' build argument 'ament_cmake_args' from command line to 'None'
[0.345s] Level 5:colcon.colcon_core.verb:set package 'robot_nav' build argument 'catkin_cmake_args' from command line to 'None'
[0.345s] Level 5:colcon.colcon_core.verb:set package 'robot_nav' build argument 'catkin_skip_building_tests' from command line to 'False'
[0.345s] DEBUG:colcon.colcon_core.verb:Building package 'robot_nav' with the following arguments: {'ament_cmake_args': None, 'build_base': '/home/loic/ros_ws/build/robot_nav', 'catkin_cmake_args': None, 'catkin_skip_building_tests': False, 'cmake_args': None, 'cmake_clean_cache': False, 'cmake_clean_first': False, 'cmake_force_configure': False, 'cmake_target': None, 'cmake_target_skip_unavailable': False, 'install_base': '/home/loic/ros_ws/install/robot_nav', 'merge_install': False, 'path': '/home/loic/ros_ws/src/robot_nav', 'symlink_install': False, 'test_result_base': None}
[0.346s] Level 5:colcon.colcon_core.verb:set package 'roboto' build argument 'cmake_args' from command line to 'None'
[0.346s] Level 5:colcon.colcon_core.verb:set package 'roboto' build argument 'cmake_target' from command line to 'None'
[0.346s] Level 5:colcon.colcon_core.verb:set package 'roboto' build argument 'cmake_target_skip_unavailable' from command line to 'False'
[0.346s] Level 5:colcon.colcon_core.verb:set package 'roboto' build argument 'cmake_clean_cache' from command line to 'False'
[0.346s] Level 5:colcon.colcon_core.verb:set package 'roboto' build argument 'cmake_clean_first' from command line to 'False'
[0.346s] Level 5:colcon.colcon_core.verb:set package 'roboto' build argument 'cmake_force_configure' from command line to 'False'
[0.346s] Level 5:colcon.colcon_core.verb:set package 'roboto' build argument 'ament_cmake_args' from command line to 'None'
[0.346s] Level 5:colcon.colcon_core.verb:set package 'roboto' build argument 'catkin_cmake_args' from command line to 'None'
[0.346s] Level 5:colcon.colcon_core.verb:set package 'roboto' build argument 'catkin_skip_building_tests' from command line to 'False'
[0.346s] DEBUG:colcon.colcon_core.verb:Building package 'roboto' with the following arguments: {'ament_cmake_args': None, 'build_base': '/home/loic/ros_ws/build/roboto', 'catkin_cmake_args': None, 'catkin_skip_building_tests': False, 'cmake_args': None, 'cmake_clean_cache': False, 'cmake_clean_first': False, 'cmake_force_configure': False, 'cmake_target': None, 'cmake_target_skip_unavailable': False, 'install_base': '/home/loic/ros_ws/install/roboto', 'merge_install': False, 'path': '/home/loic/ros_ws/src/roboto', 'symlink_install': False, 'test_result_base': None}
[0.346s] INFO:colcon.colcon_core.executor:Executing jobs using 'parallel' executor
[0.347s] DEBUG:colcon.colcon_parallel_executor.executor.parallel:run_until_complete
[0.347s] INFO:colcon.colcon_ros.task.ament_cmake.build:Building ROS package in '/home/loic/ros_ws/src/omni_robot_controller' with build type 'ament_cmake'
[0.347s] INFO:colcon.colcon_cmake.task.cmake.build:Building CMake package in '/home/loic/ros_ws/src/omni_robot_controller'
[0.349s] INFO:colcon.colcon_core.plugin_system:Skipping extension 'colcon_core.shell.bat': Not used on non-Windows systems
[0.349s] INFO:colcon.colcon_core.shell:Skip shell extension 'powershell' for command environment: Not usable outside of PowerShell
[0.349s] DEBUG:colcon.colcon_core.shell:Skip shell extension 'dsv' for command environment
[0.352s] INFO:colcon.colcon_ros.task.ament_cmake.build:Building ROS package in '/home/loic/ros_ws/src/rf2o_laser_odometry' with build type 'ament_cmake'
[0.353s] INFO:colcon.colcon_cmake.task.cmake.build:Building CMake package in '/home/loic/ros_ws/src/rf2o_laser_odometry'
[0.353s] INFO:colcon.colcon_core.shell:Skip shell extension 'powershell' for command environment: Not usable outside of PowerShell
[0.353s] DEBUG:colcon.colcon_core.shell:Skip shell extension 'dsv' for command environment
[0.356s] INFO:colcon.colcon_ros.task.ament_cmake.build:Building ROS package in '/home/loic/ros_ws/src/robot_nav' with build type 'ament_cmake'
[0.356s] INFO:colcon.colcon_cmake.task.cmake.build:Building CMake package in '/home/loic/ros_ws/src/robot_nav'
[0.356s] INFO:colcon.colcon_core.shell:Skip shell extension 'powershell' for command environment: Not usable outside of PowerShell
[0.356s] DEBUG:colcon.colcon_core.shell:Skip shell extension 'dsv' for command environment
[0.359s] INFO:colcon.colcon_ros.task.ament_cmake.build:Building ROS package in '/home/loic/ros_ws/src/roboto' with build type 'ament_cmake'
[0.359s] INFO:colcon.colcon_cmake.task.cmake.build:Building CMake package in '/home/loic/ros_ws/src/roboto'
[0.359s] INFO:colcon.colcon_core.shell:Skip shell extension 'powershell' for command environment: Not usable outside of PowerShell
[0.359s] DEBUG:colcon.colcon_core.shell:Skip shell extension 'dsv' for command environment
[0.367s] DEBUG:colcon.colcon_core.event_handler.log_command:Invoking command in '/home/loic/ros_ws/build/omni_robot_controller': CMAKE_PREFIX_PATH=${CMAKE_PREFIX_PATH}:/opt/ros/humble /usr/local/bin/cmake --build /home/loic/ros_ws/build/omni_robot_controller -- -j12 -l12
[0.370s] DEBUG:colcon.colcon_core.event_handler.log_command:Invoking command in '/home/loic/ros_ws/build/rf2o_laser_odometry': CMAKE_PREFIX_PATH=${CMAKE_PREFIX_PATH}:/opt/ros/humble /usr/local/bin/cmake --build /home/loic/ros_ws/build/rf2o_laser_odometry -- -j12 -l12
[0.400s] DEBUG:colcon.colcon_core.event_handler.log_command:Invoking command in '/home/loic/ros_ws/build/robot_nav': CMAKE_PREFIX_PATH=${CMAKE_PREFIX_PATH}:/opt/ros/humble /usr/local/bin/cmake --build /home/loic/ros_ws/build/robot_nav -- -j12 -l12
[0.405s] DEBUG:colcon.colcon_core.event_handler.log_command:Invoking command in '/home/loic/ros_ws/build/roboto': CMAKE_PREFIX_PATH=${CMAKE_PREFIX_PATH}:/opt/ros/humble /usr/local/bin/cmake --build /home/loic/ros_ws/build/roboto -- -j12 -l12
[0.405s] DEBUG:colcon.colcon_core.event_handler.log_command:Invoked command in '/home/loic/ros_ws/build/omni_robot_controller' returned '0': CMAKE_PREFIX_PATH=${CMAKE_PREFIX_PATH}:/opt/ros/humble /usr/local/bin/cmake --build /home/loic/ros_ws/build/omni_robot_controller -- -j12 -l12
[0.408s] DEBUG:colcon.colcon_core.event_handler.log_command:Invoking command in '/home/loic/ros_ws/build/omni_robot_controller': CMAKE_PREFIX_PATH=${CMAKE_PREFIX_PATH}:/opt/ros/humble /usr/local/bin/cmake --install /home/loic/ros_ws/build/omni_robot_controller
[0.416s] DEBUG:colcon.colcon_core.event_handler.log_command:Invoked command in '/home/loic/ros_ws/build/rf2o_laser_odometry' returned '0': CMAKE_PREFIX_PATH=${CMAKE_PREFIX_PATH}:/opt/ros/humble /usr/local/bin/cmake --build /home/loic/ros_ws/build/rf2o_laser_odometry -- -j12 -l12
[0.417s] DEBUG:colcon.colcon_core.event_handler.log_command:Invoking command in '/home/loic/ros_ws/build/rf2o_laser_odometry': CMAKE_PREFIX_PATH=${CMAKE_PREFIX_PATH}:/opt/ros/humble /usr/local/bin/cmake --install /home/loic/ros_ws/build/rf2o_laser_odometry
[0.417s] Level 1:colcon.colcon_core.environment:create_environment_scripts_only(omni_robot_controller)
[0.418s] DEBUG:colcon.colcon_core.event_handler.log_command:Invoked command in '/home/loic/ros_ws/build/omni_robot_controller' returned '0': CMAKE_PREFIX_PATH=${CMAKE_PREFIX_PATH}:/opt/ros/humble /usr/local/bin/cmake --install /home/loic/ros_ws/build/omni_robot_controller
[0.420s] Level 1:colcon.colcon_core.environment:checking '/home/loic/ros_ws/install/omni_robot_controller' for CMake module files
[0.421s] Level 1:colcon.colcon_core.environment:checking '/home/loic/ros_ws/install/omni_robot_controller' for CMake config files
[0.421s] Level 1:colcon.colcon_core.shell:create_environment_hook('omni_robot_controller', 'cmake_prefix_path')
[0.421s] INFO:colcon.colcon_core.shell:Creating environment hook '/home/loic/ros_ws/install/omni_robot_controller/share/omni_robot_controller/hook/cmake_prefix_path.ps1'
[0.422s] INFO:colcon.colcon_core.shell:Creating environment descriptor '/home/loic/ros_ws/install/omni_robot_controller/share/omni_robot_controller/hook/cmake_prefix_path.dsv'
[0.422s] INFO:colcon.colcon_core.shell:Creating environment hook '/home/loic/ros_ws/install/omni_robot_controller/share/omni_robot_controller/hook/cmake_prefix_path.sh'
[0.423s] Level 1:colcon.colcon_core.environment:checking '/home/loic/ros_ws/install/omni_robot_controller/lib'
[0.423s] Level 1:colcon.colcon_core.environment:checking '/home/loic/ros_ws/install/omni_robot_controller/bin'
[0.423s] Level 1:colcon.colcon_core.environment:checking '/home/loic/ros_ws/install/omni_robot_controller/lib/pkgconfig/omni_robot_controller.pc'
[0.423s] Level 1:colcon.colcon_core.environment:checking '/home/loic/ros_ws/install/omni_robot_controller/lib/python3.10/site-packages'
[0.424s] Level 1:colcon.colcon_core.environment:checking '/home/loic/ros_ws/install/omni_robot_controller/bin'
[0.424s] INFO:colcon.colcon_core.shell:Creating package script '/home/loic/ros_ws/install/omni_robot_controller/share/omni_robot_controller/package.ps1'
[0.424s] INFO:colcon.colcon_core.shell:Creating package descriptor '/home/loic/ros_ws/install/omni_robot_controller/share/omni_robot_controller/package.dsv'
[0.425s] INFO:colcon.colcon_core.shell:Creating package script '/home/loic/ros_ws/install/omni_robot_controller/share/omni_robot_controller/package.sh'
[0.425s] INFO:colcon.colcon_core.shell:Creating package script '/home/loic/ros_ws/install/omni_robot_controller/share/omni_robot_controller/package.bash'
[0.426s] INFO:colcon.colcon_core.shell:Creating package script '/home/loic/ros_ws/install/omni_robot_controller/share/omni_robot_controller/package.zsh'
[0.427s] Level 1:colcon.colcon_core.environment:create_file_with_runtime_dependencies(/home/loic/ros_ws/install/omni_robot_controller/share/colcon-core/packages/omni_robot_controller)
[0.427s] Level 1:colcon.colcon_core.environment:create_environment_scripts_only(omni_robot_controller)
[0.427s] Level 1:colcon.colcon_core.environment:checking '/home/loic/ros_ws/install/omni_robot_controller' for CMake module files
[0.428s] Level 1:colcon.colcon_core.environment:checking '/home/loic/ros_ws/install/omni_robot_controller' for CMake config files
[0.428s] Level 1:colcon.colcon_core.shell:create_environment_hook('omni_robot_controller', 'cmake_prefix_path')
[0.428s] INFO:colcon.colcon_core.shell:Creating environment hook '/home/loic/ros_ws/install/omni_robot_controller/share/omni_robot_controller/hook/cmake_prefix_path.ps1'
[0.429s] INFO:colcon.colcon_core.shell:Creating environment descriptor '/home/loic/ros_ws/install/omni_robot_controller/share/omni_robot_controller/hook/cmake_prefix_path.dsv'
[0.429s] INFO:colcon.colcon_core.shell:Creating environment hook '/home/loic/ros_ws/install/omni_robot_controller/share/omni_robot_controller/hook/cmake_prefix_path.sh'
[0.429s] Level 1:colcon.colcon_core.environment:checking '/home/loic/ros_ws/install/omni_robot_controller/lib'
[0.429s] Level 1:colcon.colcon_core.environment:checking '/home/loic/ros_ws/install/omni_robot_controller/bin'
[0.429s] Level 1:colcon.colcon_core.environment:checking '/home/loic/ros_ws/install/omni_robot_controller/lib/pkgconfig/omni_robot_controller.pc'
[0.430s] Level 1:colcon.colcon_core.environment:checking '/home/loic/ros_ws/install/omni_robot_controller/lib/python3.10/site-packages'
[0.430s] Level 1:colcon.colcon_core.environment:checking '/home/loic/ros_ws/install/omni_robot_controller/bin'
[0.430s] INFO:colcon.colcon_core.shell:Creating package script '/home/loic/ros_ws/install/omni_robot_controller/share/omni_robot_controller/package.ps1'
[0.430s] INFO:colcon.colcon_core.shell:Creating package descriptor '/home/loic/ros_ws/install/omni_robot_controller/share/omni_robot_controller/package.dsv'
[0.431s] INFO:colcon.colcon_core.shell:Creating package script '/home/loic/ros_ws/install/omni_robot_controller/share/omni_robot_controller/package.sh'
[0.431s] INFO:colcon.colcon_core.shell:Creating package script '/home/loic/ros_ws/install/omni_robot_controller/share/omni_robot_controller/package.bash'
[0.432s] INFO:colcon.colcon_core.shell:Creating package script '/home/loic/ros_ws/install/omni_robot_controller/share/omni_robot_controller/package.zsh'
[0.432s] Level 1:colcon.colcon_core.environment:create_file_with_runtime_dependencies(/home/loic/ros_ws/install/omni_robot_controller/share/colcon-core/packages/omni_robot_controller)
[0.435s] DEBUG:colcon.colcon_core.event_handler.log_command:Invoked command in '/home/loic/ros_ws/build/robot_nav' returned '0': CMAKE_PREFIX_PATH=${CMAKE_PREFIX_PATH}:/opt/ros/humble /usr/local/bin/cmake --build /home/loic/ros_ws/build/robot_nav -- -j12 -l12
[0.438s] DEBUG:colcon.colcon_core.event_handler.log_command:Invoking command in '/home/loic/ros_ws/build/robot_nav': CMAKE_PREFIX_PATH=${CMAKE_PREFIX_PATH}:/opt/ros/humble /usr/local/bin/cmake --install /home/loic/ros_ws/build/robot_nav
[0.439s] DEBUG:colcon.colcon_core.event_handler.log_command:Invoked command in '/home/loic/ros_ws/build/roboto' returned '0': CMAKE_PREFIX_PATH=${CMAKE_PREFIX_PATH}:/opt/ros/humble /usr/local/bin/cmake --build /home/loic/ros_ws/build/roboto -- -j12 -l12
[0.440s] Level 1:colcon.colcon_core.environment:create_environment_scripts_only(rf2o_laser_odometry)
[0.440s] DEBUG:colcon.colcon_core.event_handler.log_command:Invoking command in '/home/loic/ros_ws/build/roboto': CMAKE_PREFIX_PATH=${CMAKE_PREFIX_PATH}:/opt/ros/humble /usr/local/bin/cmake --install /home/loic/ros_ws/build/roboto
[0.441s] Level 1:colcon.colcon_core.environment:checking '/home/loic/ros_ws/install/rf2o_laser_odometry' for CMake module files
[0.441s] DEBUG:colcon.colcon_core.event_handler.log_command:Invoked command in '/home/loic/ros_ws/build/rf2o_laser_odometry' returned '0': CMAKE_PREFIX_PATH=${CMAKE_PREFIX_PATH}:/opt/ros/humble /usr/local/bin/cmake --install /home/loic/ros_ws/build/rf2o_laser_odometry
[0.443s] Level 1:colcon.colcon_core.environment:checking '/home/loic/ros_ws/install/rf2o_laser_odometry' for CMake config files
[0.444s] Level 1:colcon.colcon_core.shell:create_environment_hook('rf2o_laser_odometry', 'cmake_prefix_path')
[0.444s] INFO:colcon.colcon_core.shell:Creating environment hook '/home/loic/ros_ws/install/rf2o_laser_odometry/share/rf2o_laser_odometry/hook/cmake_prefix_path.ps1'
[0.444s] INFO:colcon.colcon_core.shell:Creating environment descriptor '/home/loic/ros_ws/install/rf2o_laser_odometry/share/rf2o_laser_odometry/hook/cmake_prefix_path.dsv'
[0.445s] INFO:colcon.colcon_core.shell:Creating environment hook '/home/loic/ros_ws/install/rf2o_laser_odometry/share/rf2o_laser_odometry/hook/cmake_prefix_path.sh'
[0.445s] Level 1:colcon.colcon_core.environment:checking '/home/loic/ros_ws/install/rf2o_laser_odometry/lib'
[0.445s] Level 1:colcon.colcon_core.environment:checking '/home/loic/ros_ws/install/rf2o_laser_odometry/bin'
[0.445s] Level 1:colcon.colcon_core.environment:checking '/home/loic/ros_ws/install/rf2o_laser_odometry/lib/pkgconfig/rf2o_laser_odometry.pc'
[0.445s] Level 1:colcon.colcon_core.environment:checking '/home/loic/ros_ws/install/rf2o_laser_odometry/lib/python3.10/site-packages'
[0.445s] Level 1:colcon.colcon_core.environment:checking '/home/loic/ros_ws/install/rf2o_laser_odometry/bin'
[0.446s] INFO:colcon.colcon_core.shell:Creating package script '/home/loic/ros_ws/install/rf2o_laser_odometry/share/rf2o_laser_odometry/package.ps1'
[0.446s] INFO:colcon.colcon_core.shell:Creating package descriptor '/home/loic/ros_ws/install/rf2o_laser_odometry/share/rf2o_laser_odometry/package.dsv'
[0.446s] INFO:colcon.colcon_core.shell:Creating package script '/home/loic/ros_ws/install/rf2o_laser_odometry/share/rf2o_laser_odometry/package.sh'
[0.447s] INFO:colcon.colcon_core.shell:Creating package script '/home/loic/ros_ws/install/rf2o_laser_odometry/share/rf2o_laser_odometry/package.bash'
[0.447s] INFO:colcon.colcon_core.shell:Creating package script '/home/loic/ros_ws/install/rf2o_laser_odometry/share/rf2o_laser_odometry/package.zsh'
[0.447s] Level 1:colcon.colcon_core.environment:create_file_with_runtime_dependencies(/home/loic/ros_ws/install/rf2o_laser_odometry/share/colcon-core/packages/rf2o_laser_odometry)
[0.448s] Level 1:colcon.colcon_core.environment:create_environment_scripts_only(rf2o_laser_odometry)
[0.448s] Level 1:colcon.colcon_core.environment:checking '/home/loic/ros_ws/install/rf2o_laser_odometry' for CMake module files
[0.448s] Level 1:colcon.colcon_core.environment:checking '/home/loic/ros_ws/install/rf2o_laser_odometry' for CMake config files
[0.449s] Level 1:colcon.colcon_core.shell:create_environment_hook('rf2o_laser_odometry', 'cmake_prefix_path')
[0.449s] INFO:colcon.colcon_core.shell:Creating environment hook '/home/loic/ros_ws/install/rf2o_laser_odometry/share/rf2o_laser_odometry/hook/cmake_prefix_path.ps1'
[0.449s] INFO:colcon.colcon_core.shell:Creating environment descriptor '/home/loic/ros_ws/install/rf2o_laser_odometry/share/rf2o_laser_odometry/hook/cmake_prefix_path.dsv'
[0.449s] INFO:colcon.colcon_core.shell:Creating environment hook '/home/loic/ros_ws/install/rf2o_laser_odometry/share/rf2o_laser_odometry/hook/cmake_prefix_path.sh'
[0.450s] Level 1:colcon.colcon_core.environment:checking '/home/loic/ros_ws/install/rf2o_laser_odometry/lib'
[0.450s] Level 1:colcon.colcon_core.environment:checking '/home/loic/ros_ws/install/rf2o_laser_odometry/bin'
[0.450s] Level 1:colcon.colcon_core.environment:checking '/home/loic/ros_ws/install/rf2o_laser_odometry/lib/pkgconfig/rf2o_laser_odometry.pc'
[0.450s] Level 1:colcon.colcon_core.environment:checking '/home/loic/ros_ws/install/rf2o_laser_odometry/lib/python3.10/site-packages'
[0.450s] Level 1:colcon.colcon_core.environment:checking '/home/loic/ros_ws/install/rf2o_laser_odometry/bin'
[0.451s] INFO:colcon.colcon_core.shell:Creating package script '/home/loic/ros_ws/install/rf2o_laser_odometry/share/rf2o_laser_odometry/package.ps1'
[0.451s] INFO:colcon.colcon_core.shell:Creating package descriptor '/home/loic/ros_ws/install/rf2o_laser_odometry/share/rf2o_laser_odometry/package.dsv'
[0.451s] INFO:colcon.colcon_core.shell:Creating package script '/home/loic/ros_ws/install/rf2o_laser_odometry/share/rf2o_laser_odometry/package.sh'
[0.452s] INFO:colcon.colcon_core.shell:Creating package script '/home/loic/ros_ws/install/rf2o_laser_odometry/share/rf2o_laser_odometry/package.bash'
[0.452s] INFO:colcon.colcon_core.shell:Creating package script '/home/loic/ros_ws/install/rf2o_laser_odometry/share/rf2o_laser_odometry/package.zsh'
[0.452s] Level 1:colcon.colcon_core.environment:create_file_with_runtime_dependencies(/home/loic/ros_ws/install/rf2o_laser_odometry/share/colcon-core/packages/rf2o_laser_odometry)
[0.454s] Level 1:colcon.colcon_core.environment:create_environment_scripts_only(robot_nav)
[0.454s] Level 1:colcon.colcon_core.environment:checking '/home/loic/ros_ws/install/robot_nav' for CMake module files
[0.459s] Level 1:colcon.colcon_core.environment:checking '/home/loic/ros_ws/install/robot_nav' for CMake config files
[0.461s] DEBUG:colcon.colcon_core.event_handler.log_command:Invoked command in '/home/loic/ros_ws/build/robot_nav' returned '0': CMAKE_PREFIX_PATH=${CMAKE_PREFIX_PATH}:/opt/ros/humble /usr/local/bin/cmake --install /home/loic/ros_ws/build/robot_nav
[0.461s] Level 1:colcon.colcon_core.shell:create_environment_hook('robot_nav', 'cmake_prefix_path')
[0.461s] INFO:colcon.colcon_core.shell:Creating environment hook '/home/loic/ros_ws/install/robot_nav/share/robot_nav/hook/cmake_prefix_path.ps1'
[0.462s] INFO:colcon.colcon_core.shell:Creating environment descriptor '/home/loic/ros_ws/install/robot_nav/share/robot_nav/hook/cmake_prefix_path.dsv'
[0.462s] INFO:colcon.colcon_core.shell:Creating environment hook '/home/loic/ros_ws/install/robot_nav/share/robot_nav/hook/cmake_prefix_path.sh'
[0.463s] Level 1:colcon.colcon_core.environment:checking '/home/loic/ros_ws/install/robot_nav/bin'
[0.463s] Level 1:colcon.colcon_core.environment:checking '/home/loic/ros_ws/install/robot_nav/lib/pkgconfig/robot_nav.pc'
[0.463s] Level 1:colcon.colcon_core.environment:checking '/home/loic/ros_ws/install/robot_nav/lib/python3.10/site-packages'
[0.463s] Level 1:colcon.colcon_core.environment:checking '/home/loic/ros_ws/install/robot_nav/bin'
[0.463s] INFO:colcon.colcon_core.shell:Creating package script '/home/loic/ros_ws/install/robot_nav/share/robot_nav/package.ps1'
[0.464s] INFO:colcon.colcon_core.shell:Creating package descriptor '/home/loic/ros_ws/install/robot_nav/share/robot_nav/package.dsv'
[0.464s] INFO:colcon.colcon_core.shell:Creating package script '/home/loic/ros_ws/install/robot_nav/share/robot_nav/package.sh'
[0.465s] INFO:colcon.colcon_core.shell:Creating package script '/home/loic/ros_ws/install/robot_nav/share/robot_nav/package.bash'
[0.465s] INFO:colcon.colcon_core.shell:Creating package script '/home/loic/ros_ws/install/robot_nav/share/robot_nav/package.zsh'
[0.465s] Level 1:colcon.colcon_core.environment:create_file_with_runtime_dependencies(/home/loic/ros_ws/install/robot_nav/share/colcon-core/packages/robot_nav)
[0.466s] Level 1:colcon.colcon_core.environment:create_environment_scripts_only(robot_nav)
[0.466s] Level 1:colcon.colcon_core.environment:checking '/home/loic/ros_ws/install/robot_nav' for CMake module files
[0.466s] Level 1:colcon.colcon_core.environment:checking '/home/loic/ros_ws/install/robot_nav' for CMake config files
[0.466s] Level 1:colcon.colcon_core.shell:create_environment_hook('robot_nav', 'cmake_prefix_path')
[0.467s] INFO:colcon.colcon_core.shell:Creating environment hook '/home/loic/ros_ws/install/robot_nav/share/robot_nav/hook/cmake_prefix_path.ps1'
[0.467s] INFO:colcon.colcon_core.shell:Creating environment descriptor '/home/loic/ros_ws/install/robot_nav/share/robot_nav/hook/cmake_prefix_path.dsv'
[0.467s] INFO:colcon.colcon_core.shell:Creating environment hook '/home/loic/ros_ws/install/robot_nav/share/robot_nav/hook/cmake_prefix_path.sh'
[0.468s] Level 1:colcon.colcon_core.environment:checking '/home/loic/ros_ws/install/robot_nav/bin'
[0.468s] Level 1:colcon.colcon_core.environment:checking '/home/loic/ros_ws/install/robot_nav/lib/pkgconfig/robot_nav.pc'
[0.468s] Level 1:colcon.colcon_core.environment:checking '/home/loic/ros_ws/install/robot_nav/lib/python3.10/site-packages'
[0.468s] Level 1:colcon.colcon_core.environment:checking '/home/loic/ros_ws/install/robot_nav/bin'
[0.468s] INFO:colcon.colcon_core.shell:Creating package script '/home/loic/ros_ws/install/robot_nav/share/robot_nav/package.ps1'
[0.469s] INFO:colcon.colcon_core.shell:Creating package descriptor '/home/loic/ros_ws/install/robot_nav/share/robot_nav/package.dsv'
[0.469s] INFO:colcon.colcon_core.shell:Creating package script '/home/loic/ros_ws/install/robot_nav/share/robot_nav/package.sh'
[0.470s] INFO:colcon.colcon_core.shell:Creating package script '/home/loic/ros_ws/install/robot_nav/share/robot_nav/package.bash'
[0.470s] INFO:colcon.colcon_core.shell:Creating package script '/home/loic/ros_ws/install/robot_nav/share/robot_nav/package.zsh'
[0.470s] Level 1:colcon.colcon_core.environment:create_file_with_runtime_dependencies(/home/loic/ros_ws/install/robot_nav/share/colcon-core/packages/robot_nav)
[0.471s] Level 1:colcon.colcon_core.environment:create_environment_scripts_only(roboto)
[0.471s] Level 1:colcon.colcon_core.environment:checking '/home/loic/ros_ws/install/roboto' for CMake module files
[0.472s] Level 1:colcon.colcon_core.environment:checking '/home/loic/ros_ws/install/roboto' for CMake config files
[0.472s] DEBUG:colcon.colcon_core.event_handler.log_command:Invoked command in '/home/loic/ros_ws/build/roboto' returned '0': CMAKE_PREFIX_PATH=${CMAKE_PREFIX_PATH}:/opt/ros/humble /usr/local/bin/cmake --install /home/loic/ros_ws/build/roboto
[0.473s] Level 1:colcon.colcon_core.shell:create_environment_hook('roboto', 'cmake_prefix_path')
[0.473s] INFO:colcon.colcon_core.shell:Creating environment hook '/home/loic/ros_ws/install/roboto/share/roboto/hook/cmake_prefix_path.ps1'
[0.473s] INFO:colcon.colcon_core.shell:Creating environment descriptor '/home/loic/ros_ws/install/roboto/share/roboto/hook/cmake_prefix_path.dsv'
[0.474s] INFO:colcon.colcon_core.shell:Creating environment hook '/home/loic/ros_ws/install/roboto/share/roboto/hook/cmake_prefix_path.sh'
[0.474s] Level 1:colcon.colcon_core.environment:checking '/home/loic/ros_ws/install/roboto/bin'
[0.474s] Level 1:colcon.colcon_core.environment:checking '/home/loic/ros_ws/install/roboto/lib/pkgconfig/roboto.pc'
[0.474s] Level 1:colcon.colcon_core.environment:checking '/home/loic/ros_ws/install/roboto/lib/python3.10/site-packages'
[0.475s] Level 1:colcon.colcon_core.environment:checking '/home/loic/ros_ws/install/roboto/bin'
[0.475s] INFO:colcon.colcon_core.shell:Creating package script '/home/loic/ros_ws/install/roboto/share/roboto/package.ps1'
[0.475s] INFO:colcon.colcon_core.shell:Creating package descriptor '/home/loic/ros_ws/install/roboto/share/roboto/package.dsv'
[0.476s] INFO:colcon.colcon_core.shell:Creating package script '/home/loic/ros_ws/install/roboto/share/roboto/package.sh'
[0.476s] INFO:colcon.colcon_core.shell:Creating package script '/home/loic/ros_ws/install/roboto/share/roboto/package.bash'
[0.476s] INFO:colcon.colcon_core.shell:Creating package script '/home/loic/ros_ws/install/roboto/share/roboto/package.zsh'
[0.477s] Level 1:colcon.colcon_core.environment:create_file_with_runtime_dependencies(/home/loic/ros_ws/install/roboto/share/colcon-core/packages/roboto)
[0.477s] Level 1:colcon.colcon_core.environment:create_environment_scripts_only(roboto)
[0.477s] Level 1:colcon.colcon_core.environment:checking '/home/loic/ros_ws/install/roboto' for CMake module files
[0.478s] Level 1:colcon.colcon_core.environment:checking '/home/loic/ros_ws/install/roboto' for CMake config files
[0.478s] Level 1:colcon.colcon_core.shell:create_environment_hook('roboto', 'cmake_prefix_path')
[0.478s] INFO:colcon.colcon_core.shell:Creating environment hook '/home/loic/ros_ws/install/roboto/share/roboto/hook/cmake_prefix_path.ps1'
[0.478s] INFO:colcon.colcon_core.shell:Creating environment descriptor '/home/loic/ros_ws/install/roboto/share/roboto/hook/cmake_prefix_path.dsv'
[0.479s] INFO:colcon.colcon_core.shell:Creating environment hook '/home/loic/ros_ws/install/roboto/share/roboto/hook/cmake_prefix_path.sh'
[0.479s] Level 1:colcon.colcon_core.environment:checking '/home/loic/ros_ws/install/roboto/bin'
[0.479s] Level 1:colcon.colcon_core.environment:checking '/home/loic/ros_ws/install/roboto/lib/pkgconfig/roboto.pc'
[0.480s] Level 1:colcon.colcon_core.environment:checking '/home/loic/ros_ws/install/roboto/lib/python3.10/site-packages'
[0.480s] Level 1:colcon.colcon_core.environment:checking '/home/loic/ros_ws/install/roboto/bin'
[0.480s] INFO:colcon.colcon_core.shell:Creating package script '/home/loic/ros_ws/install/roboto/share/roboto/package.ps1'
[0.480s] INFO:colcon.colcon_core.shell:Creating package descriptor '/home/loic/ros_ws/install/roboto/share/roboto/package.dsv'
[0.481s] INFO:colcon.colcon_core.shell:Creating package script '/home/loic/ros_ws/install/roboto/share/roboto/package.sh'
[0.481s] INFO:colcon.colcon_core.shell:Creating package script '/home/loic/ros_ws/install/roboto/share/roboto/package.bash'
[0.481s] INFO:colcon.colcon_core.shell:Creating package script '/home/loic/ros_ws/install/roboto/share/roboto/package.zsh'
[0.482s] Level 1:colcon.colcon_core.environment:create_file_with_runtime_dependencies(/home/loic/ros_ws/install/roboto/share/colcon-core/packages/roboto)
[0.482s] DEBUG:colcon.colcon_parallel_executor.executor.parallel:closing loop
[0.482s] DEBUG:colcon.colcon_parallel_executor.executor.parallel:loop closed
[0.483s] DEBUG:colcon.colcon_parallel_executor.executor.parallel:run_until_complete finished with '0'
[0.483s] DEBUG:colcon.colcon_core.event_reactor:joining thread
[0.487s] INFO:colcon.colcon_core.plugin_system:Skipping extension 'colcon_notification.desktop_notification.terminal_notifier': Not used on non-Darwin systems
[0.487s] INFO:colcon.colcon_core.plugin_system:Skipping extension 'colcon_notification.desktop_notification.win32': Not used on non-Windows systems
[0.488s] INFO:colcon.colcon_notification.desktop_notification:Sending desktop notification using 'notify2'
[0.505s] DEBUG:colcon.colcon_core.event_reactor:joined thread
[0.505s] INFO:colcon.colcon_core.shell:Creating prefix script '/home/loic/ros_ws/install/local_setup.ps1'
[0.506s] INFO:colcon.colcon_core.shell:Creating prefix util module '/home/loic/ros_ws/install/_local_setup_util_ps1.py'
[0.507s] INFO:colcon.colcon_core.shell:Creating prefix chain script '/home/loic/ros_ws/install/setup.ps1'
[0.508s] INFO:colcon.colcon_core.shell:Creating prefix script '/home/loic/ros_ws/install/local_setup.sh'
[0.509s] INFO:colcon.colcon_core.shell:Creating prefix util module '/home/loic/ros_ws/install/_local_setup_util_sh.py'
[0.509s] INFO:colcon.colcon_core.shell:Creating prefix chain script '/home/loic/ros_ws/install/setup.sh'
[0.510s] INFO:colcon.colcon_core.shell:Creating prefix script '/home/loic/ros_ws/install/local_setup.bash'
[0.511s] INFO:colcon.colcon_core.shell:Creating prefix chain script '/home/loic/ros_ws/install/setup.bash'
[0.512s] INFO:colcon.colcon_core.shell:Creating prefix script '/home/loic/ros_ws/install/local_setup.zsh'
[0.512s] INFO:colcon.colcon_core.shell:Creating prefix chain script '/home/loic/ros_ws/install/setup.zsh'
