[0.020s] Invoking command in '/home/loic/ros_ws/build/rf2o_laser_odometry': CMAKE_PREFIX_PATH=${CMAKE_PREFIX_PATH}:/opt/ros/humble /usr/local/bin/cmake --build /home/loic/ros_ws/build/rf2o_laser_odometry -- -j12 -l12
[0.066s] [ 60%] Built target rf2o_laser_odometry_node
[0.067s] [100%] Built target rf2o_laser_odometry
[0.105s] Invoked command in '/home/loic/ros_ws/build/rf2o_laser_odometry' returned '0': CMAKE_PREFIX_PATH=${CMAKE_PREFIX_PATH}:/opt/ros/humble /usr/local/bin/cmake --build /home/loic/ros_ws/build/rf2o_laser_odometry -- -j12 -l12
[0.106s] Invoking command in '/home/loic/ros_ws/build/rf2o_laser_odometry': CMAKE_PREFIX_PATH=${CMAKE_PREFIX_PATH}:/opt/ros/humble /usr/local/bin/cmake --install /home/loic/ros_ws/build/rf2o_laser_odometry
[0.108s] -- Install configuration: ""
[0.108s] -- Up-to-date: /home/loic/ros_ws/install/rf2o_laser_odometry/lib/rf2o_laser_odometry/rf2o_laser_odometry_node
[0.109s] -- Up-to-date: /home/loic/ros_ws/install/rf2o_laser_odometry/share/rf2o_laser_odometry/launch
[0.109s] -- Installing: /home/loic/ros_ws/install/rf2o_laser_odometry/share/rf2o_laser_odometry/launch/rf2o_laser_odometry.launch.py
[0.109s] -- Up-to-date: /home/loic/ros_ws/install/rf2o_laser_odometry/share/ament_index/resource_index/package_run_dependencies/rf2o_laser_odometry
[0.109s] -- Up-to-date: /home/loic/ros_ws/install/rf2o_laser_odometry/share/ament_index/resource_index/parent_prefix_path/rf2o_laser_odometry
[0.109s] -- Up-to-date: /home/loic/ros_ws/install/rf2o_laser_odometry/share/rf2o_laser_odometry/environment/ament_prefix_path.sh
[0.109s] -- Up-to-date: /home/loic/ros_ws/install/rf2o_laser_odometry/share/rf2o_laser_odometry/environment/ament_prefix_path.dsv
[0.109s] -- Up-to-date: /home/loic/ros_ws/install/rf2o_laser_odometry/share/rf2o_laser_odometry/environment/path.sh
[0.109s] -- Up-to-date: /home/loic/ros_ws/install/rf2o_laser_odometry/share/rf2o_laser_odometry/environment/path.dsv
[0.110s] -- Up-to-date: /home/loic/ros_ws/install/rf2o_laser_odometry/share/rf2o_laser_odometry/local_setup.bash
[0.110s] -- Up-to-date: /home/loic/ros_ws/install/rf2o_laser_odometry/share/rf2o_laser_odometry/local_setup.sh
[0.110s] -- Up-to-date: /home/loic/ros_ws/install/rf2o_laser_odometry/share/rf2o_laser_odometry/local_setup.zsh
[0.110s] -- Up-to-date: /home/loic/ros_ws/install/rf2o_laser_odometry/share/rf2o_laser_odometry/local_setup.dsv
[0.110s] -- Installing: /home/loic/ros_ws/install/rf2o_laser_odometry/share/rf2o_laser_odometry/package.dsv
[0.110s] -- Up-to-date: /home/loic/ros_ws/install/rf2o_laser_odometry/share/ament_index/resource_index/packages/rf2o_laser_odometry
[0.110s] -- Up-to-date: /home/loic/ros_ws/install/rf2o_laser_odometry/share/rf2o_laser_odometry/cmake/rf2o_laser_odometryConfig.cmake
[0.111s] -- Up-to-date: /home/loic/ros_ws/install/rf2o_laser_odometry/share/rf2o_laser_odometry/cmake/rf2o_laser_odometryConfig-version.cmake
[0.111s] -- Up-to-date: /home/loic/ros_ws/install/rf2o_laser_odometry/share/rf2o_laser_odometry/package.xml
[0.112s] Invoked command in '/home/loic/ros_ws/build/rf2o_laser_odometry' returned '0': CMAKE_PREFIX_PATH=${CMAKE_PREFIX_PATH}:/opt/ros/humble /usr/local/bin/cmake --install /home/loic/ros_ws/build/rf2o_laser_odometry
