[0.103s] DEBUG:colcon:Command line arguments: ['/usr/bin/colcon', 'build']
[0.103s] DEBUG:colcon:Parsed command line arguments: Namespace(log_base=None, log_level=None, verb_name='build', build_base='build', install_base='install', merge_install=False, symlink_install=False, test_result_base=None, continue_on_error=False, executor='parallel', parallel_workers=12, event_handlers=None, ignore_user_meta=False, metas=['./colcon.meta'], base_paths=['.'], packages_ignore=None, packages_ignore_regex=None, paths=None, packages_up_to=None, packages_up_to_regex=None, packages_above=None, packages_above_and_dependencies=None, packages_above_depth=None, packages_select_by_dep=None, packages_skip_by_dep=None, packages_skip_up_to=None, packages_select_build_failed=False, packages_skip_build_finished=False, packages_select_test_failures=False, packages_skip_test_passed=False, packages_select=None, packages_skip=None, packages_select_regex=None, packages_skip_regex=None, packages_start=None, packages_end=None, allow_overriding=[], cmake_args=None, cmake_target=None, cmake_target_skip_unavailable=False, cmake_clean_cache=False, cmake_clean_first=False, cmake_force_configure=False, ament_cmake_args=None, catkin_cmake_args=None, catkin_skip_building_tests=False, mixin_files=None, mixin=None, verb_parser=<colcon_mixin.mixin.mixin_argument.MixinArgumentDecorator object at 0x7d6f9fe23430>, verb_extension=<colcon_core.verb.build.BuildVerb object at 0x7d6f9fe22da0>, main=<bound method BuildVerb.main of <colcon_core.verb.build.BuildVerb object at 0x7d6f9fe22da0>>, mixin_verb=('build',))
[0.269s] Level 1:colcon.colcon_core.package_discovery:discover_packages(colcon_meta) check parameters
[0.269s] Level 1:colcon.colcon_core.package_discovery:discover_packages(recursive) check parameters
[0.270s] Level 1:colcon.colcon_core.package_discovery:discover_packages(ignore) check parameters
[0.270s] Level 1:colcon.colcon_core.package_discovery:discover_packages(path) check parameters
[0.270s] Level 1:colcon.colcon_core.package_discovery:discover_packages(colcon_meta) discover
[0.270s] Level 1:colcon.colcon_core.package_discovery:discover_packages(recursive) discover
[0.270s] INFO:colcon.colcon_core.package_discovery:Crawling recursively for packages in '/home/loic/ros_ws'
[0.270s] Level 1:colcon.colcon_core.package_identification:_identify(.) by extensions ['ignore', 'ignore_ament_install']
[0.270s] Level 1:colcon.colcon_core.package_identification:_identify(.) by extension 'ignore'
[0.270s] Level 1:colcon.colcon_core.package_identification:_identify(.) by extension 'ignore_ament_install'
[0.270s] Level 1:colcon.colcon_core.package_identification:_identify(.) by extensions ['colcon_pkg']
[0.270s] Level 1:colcon.colcon_core.package_identification:_identify(.) by extension 'colcon_pkg'
[0.270s] Level 1:colcon.colcon_core.package_identification:_identify(.) by extensions ['colcon_meta']
[0.270s] Level 1:colcon.colcon_core.package_identification:_identify(.) by extension 'colcon_meta'
[0.270s] Level 1:colcon.colcon_core.package_identification:_identify(.) by extensions ['ros']
[0.270s] Level 1:colcon.colcon_core.package_identification:_identify(.) by extension 'ros'
[0.280s] Level 1:colcon.colcon_core.package_identification:_identify(.) by extensions ['cmake', 'python']
[0.280s] Level 1:colcon.colcon_core.package_identification:_identify(.) by extension 'cmake'
[0.280s] Level 1:colcon.colcon_core.package_identification:_identify(.) by extension 'python'
[0.280s] Level 1:colcon.colcon_core.package_identification:_identify(.) by extensions ['python_setup_py']
[0.280s] Level 1:colcon.colcon_core.package_identification:_identify(.) by extension 'python_setup_py'
[0.280s] Level 1:colcon.colcon_core.package_identification:_identify(build) by extensions ['ignore', 'ignore_ament_install']
[0.280s] Level 1:colcon.colcon_core.package_identification:_identify(build) by extension 'ignore'
[0.280s] Level 1:colcon.colcon_core.package_identification:_identify(build) ignored
[0.280s] Level 1:colcon.colcon_core.package_identification:_identify(install) by extensions ['ignore', 'ignore_ament_install']
[0.280s] Level 1:colcon.colcon_core.package_identification:_identify(install) by extension 'ignore'
[0.280s] Level 1:colcon.colcon_core.package_identification:_identify(install) ignored
[0.281s] Level 1:colcon.colcon_core.package_identification:_identify(log) by extensions ['ignore', 'ignore_ament_install']
[0.281s] Level 1:colcon.colcon_core.package_identification:_identify(log) by extension 'ignore'
[0.281s] Level 1:colcon.colcon_core.package_identification:_identify(log) ignored
[0.281s] Level 1:colcon.colcon_core.package_identification:_identify(src) by extensions ['ignore', 'ignore_ament_install']
[0.281s] Level 1:colcon.colcon_core.package_identification:_identify(src) by extension 'ignore'
[0.281s] Level 1:colcon.colcon_core.package_identification:_identify(src) by extension 'ignore_ament_install'
[0.281s] Level 1:colcon.colcon_core.package_identification:_identify(src) by extensions ['colcon_pkg']
[0.281s] Level 1:colcon.colcon_core.package_identification:_identify(src) by extension 'colcon_pkg'
[0.281s] Level 1:colcon.colcon_core.package_identification:_identify(src) by extensions ['colcon_meta']
[0.281s] Level 1:colcon.colcon_core.package_identification:_identify(src) by extension 'colcon_meta'
[0.281s] Level 1:colcon.colcon_core.package_identification:_identify(src) by extensions ['ros']
[0.281s] Level 1:colcon.colcon_core.package_identification:_identify(src) by extension 'ros'
[0.281s] Level 1:colcon.colcon_core.package_identification:_identify(src) by extensions ['cmake', 'python']
[0.281s] Level 1:colcon.colcon_core.package_identification:_identify(src) by extension 'cmake'
[0.281s] Level 1:colcon.colcon_core.package_identification:_identify(src) by extension 'python'
[0.282s] Level 1:colcon.colcon_core.package_identification:_identify(src) by extensions ['python_setup_py']
[0.282s] Level 1:colcon.colcon_core.package_identification:_identify(src) by extension 'python_setup_py'
[0.282s] Level 1:colcon.colcon_core.package_identification:_identify(src/omni_robot_controller) by extensions ['ignore', 'ignore_ament_install']
[0.282s] Level 1:colcon.colcon_core.package_identification:_identify(src/omni_robot_controller) by extension 'ignore'
[0.282s] Level 1:colcon.colcon_core.package_identification:_identify(src/omni_robot_controller) by extension 'ignore_ament_install'
[0.282s] Level 1:colcon.colcon_core.package_identification:_identify(src/omni_robot_controller) by extensions ['colcon_pkg']
[0.282s] Level 1:colcon.colcon_core.package_identification:_identify(src/omni_robot_controller) by extension 'colcon_pkg'
[0.282s] Level 1:colcon.colcon_core.package_identification:_identify(src/omni_robot_controller) by extensions ['colcon_meta']
[0.282s] Level 1:colcon.colcon_core.package_identification:_identify(src/omni_robot_controller) by extension 'colcon_meta'
[0.282s] Level 1:colcon.colcon_core.package_identification:_identify(src/omni_robot_controller) by extensions ['ros']
[0.282s] Level 1:colcon.colcon_core.package_identification:_identify(src/omni_robot_controller) by extension 'ros'
[0.285s] DEBUG:colcon.colcon_core.package_identification:Package 'src/omni_robot_controller' with type 'ros.ament_cmake' and name 'omni_robot_controller'
[0.285s] Level 1:colcon.colcon_core.package_identification:_identify(src/rf2o_laser_odometry) by extensions ['ignore', 'ignore_ament_install']
[0.285s] Level 1:colcon.colcon_core.package_identification:_identify(src/rf2o_laser_odometry) by extension 'ignore'
[0.285s] Level 1:colcon.colcon_core.package_identification:_identify(src/rf2o_laser_odometry) by extension 'ignore_ament_install'
[0.285s] Level 1:colcon.colcon_core.package_identification:_identify(src/rf2o_laser_odometry) by extensions ['colcon_pkg']
[0.285s] Level 1:colcon.colcon_core.package_identification:_identify(src/rf2o_laser_odometry) by extension 'colcon_pkg'
[0.285s] Level 1:colcon.colcon_core.package_identification:_identify(src/rf2o_laser_odometry) by extensions ['colcon_meta']
[0.285s] Level 1:colcon.colcon_core.package_identification:_identify(src/rf2o_laser_odometry) by extension 'colcon_meta'
[0.285s] Level 1:colcon.colcon_core.package_identification:_identify(src/rf2o_laser_odometry) by extensions ['ros']
[0.285s] Level 1:colcon.colcon_core.package_identification:_identify(src/rf2o_laser_odometry) by extension 'ros'
[0.286s] DEBUG:colcon.colcon_core.package_identification:Package 'src/rf2o_laser_odometry' with type 'ros.ament_cmake' and name 'rf2o_laser_odometry'
[0.287s] Level 1:colcon.colcon_core.package_identification:_identify(src/robot_nav) by extensions ['ignore', 'ignore_ament_install']
[0.287s] Level 1:colcon.colcon_core.package_identification:_identify(src/robot_nav) by extension 'ignore'
[0.287s] Level 1:colcon.colcon_core.package_identification:_identify(src/robot_nav) by extension 'ignore_ament_install'
[0.287s] Level 1:colcon.colcon_core.package_identification:_identify(src/robot_nav) by extensions ['colcon_pkg']
[0.287s] Level 1:colcon.colcon_core.package_identification:_identify(src/robot_nav) by extension 'colcon_pkg'
[0.287s] Level 1:colcon.colcon_core.package_identification:_identify(src/robot_nav) by extensions ['colcon_meta']
[0.287s] Level 1:colcon.colcon_core.package_identification:_identify(src/robot_nav) by extension 'colcon_meta'
[0.287s] Level 1:colcon.colcon_core.package_identification:_identify(src/robot_nav) by extensions ['ros']
[0.287s] Level 1:colcon.colcon_core.package_identification:_identify(src/robot_nav) by extension 'ros'
[0.288s] DEBUG:colcon.colcon_core.package_identification:Package 'src/robot_nav' with type 'ros.ament_cmake' and name 'robot_nav'
[0.288s] Level 1:colcon.colcon_core.package_identification:_identify(src/roboto) by extensions ['ignore', 'ignore_ament_install']
[0.288s] Level 1:colcon.colcon_core.package_identification:_identify(src/roboto) by extension 'ignore'
[0.288s] Level 1:colcon.colcon_core.package_identification:_identify(src/roboto) by extension 'ignore_ament_install'
[0.288s] Level 1:colcon.colcon_core.package_identification:_identify(src/roboto) by extensions ['colcon_pkg']
[0.288s] Level 1:colcon.colcon_core.package_identification:_identify(src/roboto) by extension 'colcon_pkg'
[0.288s] Level 1:colcon.colcon_core.package_identification:_identify(src/roboto) by extensions ['colcon_meta']
[0.288s] Level 1:colcon.colcon_core.package_identification:_identify(src/roboto) by extension 'colcon_meta'
[0.288s] Level 1:colcon.colcon_core.package_identification:_identify(src/roboto) by extensions ['ros']
[0.288s] Level 1:colcon.colcon_core.package_identification:_identify(src/roboto) by extension 'ros'
[0.289s] DEBUG:colcon.colcon_core.package_identification:Package 'src/roboto' with type 'ros.ament_cmake' and name 'roboto'
[0.289s] Level 1:colcon.colcon_core.package_discovery:discover_packages(recursive) using defaults
[0.289s] Level 1:colcon.colcon_core.package_discovery:discover_packages(ignore) discover
[0.289s] Level 1:colcon.colcon_core.package_discovery:discover_packages(ignore) using defaults
[0.289s] Level 1:colcon.colcon_core.package_discovery:discover_packages(path) discover
[0.289s] Level 1:colcon.colcon_core.package_discovery:discover_packages(path) using defaults
[0.321s] Level 1:colcon.colcon_core.package_discovery:discover_packages(prefix_path) check parameters
[0.322s] Level 1:colcon.colcon_core.package_discovery:discover_packages(prefix_path) discover
[0.323s] DEBUG:colcon.colcon_installed_package_information.package_discovery:Found 4 installed packages in /home/loic/ros_ws/install
[0.325s] DEBUG:colcon.colcon_installed_package_information.package_discovery:Found 380 installed packages in /opt/ros/humble
[0.327s] Level 1:colcon.colcon_core.package_discovery:discover_packages(prefix_path) using defaults
[0.370s] Level 5:colcon.colcon_core.verb:set package 'omni_robot_controller' build argument 'cmake_args' from command line to 'None'
[0.370s] Level 5:colcon.colcon_core.verb:set package 'omni_robot_controller' build argument 'cmake_target' from command line to 'None'
[0.370s] Level 5:colcon.colcon_core.verb:set package 'omni_robot_controller' build argument 'cmake_target_skip_unavailable' from command line to 'False'
[0.370s] Level 5:colcon.colcon_core.verb:set package 'omni_robot_controller' build argument 'cmake_clean_cache' from command line to 'False'
[0.370s] Level 5:colcon.colcon_core.verb:set package 'omni_robot_controller' build argument 'cmake_clean_first' from command line to 'False'
[0.370s] Level 5:colcon.colcon_core.verb:set package 'omni_robot_controller' build argument 'cmake_force_configure' from command line to 'False'
[0.370s] Level 5:colcon.colcon_core.verb:set package 'omni_robot_controller' build argument 'ament_cmake_args' from command line to 'None'
[0.370s] Level 5:colcon.colcon_core.verb:set package 'omni_robot_controller' build argument 'catkin_cmake_args' from command line to 'None'
[0.370s] Level 5:colcon.colcon_core.verb:set package 'omni_robot_controller' build argument 'catkin_skip_building_tests' from command line to 'False'
[0.370s] DEBUG:colcon.colcon_core.verb:Building package 'omni_robot_controller' with the following arguments: {'ament_cmake_args': None, 'build_base': '/home/loic/ros_ws/build/omni_robot_controller', 'catkin_cmake_args': None, 'catkin_skip_building_tests': False, 'cmake_args': None, 'cmake_clean_cache': False, 'cmake_clean_first': False, 'cmake_force_configure': False, 'cmake_target': None, 'cmake_target_skip_unavailable': False, 'install_base': '/home/loic/ros_ws/install/omni_robot_controller', 'merge_install': False, 'path': '/home/loic/ros_ws/src/omni_robot_controller', 'symlink_install': False, 'test_result_base': None}
[0.370s] Level 5:colcon.colcon_core.verb:set package 'rf2o_laser_odometry' build argument 'cmake_args' from command line to 'None'
[0.370s] Level 5:colcon.colcon_core.verb:set package 'rf2o_laser_odometry' build argument 'cmake_target' from command line to 'None'
[0.370s] Level 5:colcon.colcon_core.verb:set package 'rf2o_laser_odometry' build argument 'cmake_target_skip_unavailable' from command line to 'False'
[0.370s] Level 5:colcon.colcon_core.verb:set package 'rf2o_laser_odometry' build argument 'cmake_clean_cache' from command line to 'False'
[0.370s] Level 5:colcon.colcon_core.verb:set package 'rf2o_laser_odometry' build argument 'cmake_clean_first' from command line to 'False'
[0.370s] Level 5:colcon.colcon_core.verb:set package 'rf2o_laser_odometry' build argument 'cmake_force_configure' from command line to 'False'
[0.371s] Level 5:colcon.colcon_core.verb:set package 'rf2o_laser_odometry' build argument 'ament_cmake_args' from command line to 'None'
[0.371s] Level 5:colcon.colcon_core.verb:set package 'rf2o_laser_odometry' build argument 'catkin_cmake_args' from command line to 'None'
[0.371s] Level 5:colcon.colcon_core.verb:set package 'rf2o_laser_odometry' build argument 'catkin_skip_building_tests' from command line to 'False'
[0.371s] DEBUG:colcon.colcon_core.verb:Building package 'rf2o_laser_odometry' with the following arguments: {'ament_cmake_args': None, 'build_base': '/home/loic/ros_ws/build/rf2o_laser_odometry', 'catkin_cmake_args': None, 'catkin_skip_building_tests': False, 'cmake_args': None, 'cmake_clean_cache': False, 'cmake_clean_first': False, 'cmake_force_configure': False, 'cmake_target': None, 'cmake_target_skip_unavailable': False, 'install_base': '/home/loic/ros_ws/install/rf2o_laser_odometry', 'merge_install': False, 'path': '/home/loic/ros_ws/src/rf2o_laser_odometry', 'symlink_install': False, 'test_result_base': None}
[0.371s] Level 5:colcon.colcon_core.verb:set package 'robot_nav' build argument 'cmake_args' from command line to 'None'
[0.371s] Level 5:colcon.colcon_core.verb:set package 'robot_nav' build argument 'cmake_target' from command line to 'None'
[0.371s] Level 5:colcon.colcon_core.verb:set package 'robot_nav' build argument 'cmake_target_skip_unavailable' from command line to 'False'
[0.371s] Level 5:colcon.colcon_core.verb:set package 'robot_nav' build argument 'cmake_clean_cache' from command line to 'False'
[0.371s] Level 5:colcon.colcon_core.verb:set package 'robot_nav' build argument 'cmake_clean_first' from command line to 'False'
[0.371s] Level 5:colcon.colcon_core.verb:set package 'robot_nav' build argument 'cmake_force_configure' from command line to 'False'
[0.371s] Level 5:colcon.colcon_core.verb:set package 'robot_nav' build argument 'ament_cmake_args' from command line to 'None'
[0.371s] Level 5:colcon.colcon_core.verb:set package 'robot_nav' build argument 'catkin_cmake_args' from command line to 'None'
[0.371s] Level 5:colcon.colcon_core.verb:set package 'robot_nav' build argument 'catkin_skip_building_tests' from command line to 'False'
[0.371s] DEBUG:colcon.colcon_core.verb:Building package 'robot_nav' with the following arguments: {'ament_cmake_args': None, 'build_base': '/home/loic/ros_ws/build/robot_nav', 'catkin_cmake_args': None, 'catkin_skip_building_tests': False, 'cmake_args': None, 'cmake_clean_cache': False, 'cmake_clean_first': False, 'cmake_force_configure': False, 'cmake_target': None, 'cmake_target_skip_unavailable': False, 'install_base': '/home/loic/ros_ws/install/robot_nav', 'merge_install': False, 'path': '/home/loic/ros_ws/src/robot_nav', 'symlink_install': False, 'test_result_base': None}
[0.372s] Level 5:colcon.colcon_core.verb:set package 'roboto' build argument 'cmake_args' from command line to 'None'
[0.372s] Level 5:colcon.colcon_core.verb:set package 'roboto' build argument 'cmake_target' from command line to 'None'
[0.372s] Level 5:colcon.colcon_core.verb:set package 'roboto' build argument 'cmake_target_skip_unavailable' from command line to 'False'
[0.372s] Level 5:colcon.colcon_core.verb:set package 'roboto' build argument 'cmake_clean_cache' from command line to 'False'
[0.372s] Level 5:colcon.colcon_core.verb:set package 'roboto' build argument 'cmake_clean_first' from command line to 'False'
[0.372s] Level 5:colcon.colcon_core.verb:set package 'roboto' build argument 'cmake_force_configure' from command line to 'False'
[0.372s] Level 5:colcon.colcon_core.verb:set package 'roboto' build argument 'ament_cmake_args' from command line to 'None'
[0.372s] Level 5:colcon.colcon_core.verb:set package 'roboto' build argument 'catkin_cmake_args' from command line to 'None'
[0.372s] Level 5:colcon.colcon_core.verb:set package 'roboto' build argument 'catkin_skip_building_tests' from command line to 'False'
[0.372s] DEBUG:colcon.colcon_core.verb:Building package 'roboto' with the following arguments: {'ament_cmake_args': None, 'build_base': '/home/loic/ros_ws/build/roboto', 'catkin_cmake_args': None, 'catkin_skip_building_tests': False, 'cmake_args': None, 'cmake_clean_cache': False, 'cmake_clean_first': False, 'cmake_force_configure': False, 'cmake_target': None, 'cmake_target_skip_unavailable': False, 'install_base': '/home/loic/ros_ws/install/roboto', 'merge_install': False, 'path': '/home/loic/ros_ws/src/roboto', 'symlink_install': False, 'test_result_base': None}
[0.372s] INFO:colcon.colcon_core.executor:Executing jobs using 'parallel' executor
[0.373s] DEBUG:colcon.colcon_parallel_executor.executor.parallel:run_until_complete
[0.374s] INFO:colcon.colcon_ros.task.ament_cmake.build:Building ROS package in '/home/loic/ros_ws/src/omni_robot_controller' with build type 'ament_cmake'
[0.374s] INFO:colcon.colcon_cmake.task.cmake.build:Building CMake package in '/home/loic/ros_ws/src/omni_robot_controller'
[0.376s] INFO:colcon.colcon_core.plugin_system:Skipping extension 'colcon_core.shell.bat': Not used on non-Windows systems
[0.376s] INFO:colcon.colcon_core.shell:Skip shell extension 'powershell' for command environment: Not usable outside of PowerShell
[0.376s] DEBUG:colcon.colcon_core.shell:Skip shell extension 'dsv' for command environment
[0.380s] INFO:colcon.colcon_ros.task.ament_cmake.build:Building ROS package in '/home/loic/ros_ws/src/rf2o_laser_odometry' with build type 'ament_cmake'
[0.380s] INFO:colcon.colcon_cmake.task.cmake.build:Building CMake package in '/home/loic/ros_ws/src/rf2o_laser_odometry'
[0.380s] INFO:colcon.colcon_core.shell:Skip shell extension 'powershell' for command environment: Not usable outside of PowerShell
[0.380s] DEBUG:colcon.colcon_core.shell:Skip shell extension 'dsv' for command environment
[0.385s] INFO:colcon.colcon_ros.task.ament_cmake.build:Building ROS package in '/home/loic/ros_ws/src/robot_nav' with build type 'ament_cmake'
[0.386s] INFO:colcon.colcon_cmake.task.cmake.build:Building CMake package in '/home/loic/ros_ws/src/robot_nav'
[0.386s] INFO:colcon.colcon_core.shell:Skip shell extension 'powershell' for command environment: Not usable outside of PowerShell
[0.386s] DEBUG:colcon.colcon_core.shell:Skip shell extension 'dsv' for command environment
[0.391s] INFO:colcon.colcon_ros.task.ament_cmake.build:Building ROS package in '/home/loic/ros_ws/src/roboto' with build type 'ament_cmake'
[0.391s] INFO:colcon.colcon_cmake.task.cmake.build:Building CMake package in '/home/loic/ros_ws/src/roboto'
[0.391s] INFO:colcon.colcon_core.shell:Skip shell extension 'powershell' for command environment: Not usable outside of PowerShell
[0.391s] DEBUG:colcon.colcon_core.shell:Skip shell extension 'dsv' for command environment
[0.400s] DEBUG:colcon.colcon_core.event_handler.log_command:Invoking command in '/home/loic/ros_ws/build/omni_robot_controller': CMAKE_PREFIX_PATH=${CMAKE_PREFIX_PATH}:/opt/ros/humble /usr/local/bin/cmake --build /home/loic/ros_ws/build/omni_robot_controller -- -j12 -l12
[0.402s] DEBUG:colcon.colcon_core.event_handler.log_command:Invoking command in '/home/loic/ros_ws/build/rf2o_laser_odometry': CMAKE_PREFIX_PATH=${CMAKE_PREFIX_PATH}:/opt/ros/humble /usr/local/bin/cmake --build /home/loic/ros_ws/build/rf2o_laser_odometry -- -j12 -l12
[0.409s] DEBUG:colcon.colcon_core.event_handler.log_command:Invoking command in '/home/loic/ros_ws/build/robot_nav': CMAKE_PREFIX_PATH=${CMAKE_PREFIX_PATH}:/opt/ros/humble /usr/local/bin/cmake --build /home/loic/ros_ws/build/robot_nav -- -j12 -l12
[0.411s] DEBUG:colcon.colcon_core.event_handler.log_command:Invoking command in '/home/loic/ros_ws/build/roboto': CMAKE_PREFIX_PATH=${CMAKE_PREFIX_PATH}:/opt/ros/humble /usr/local/bin/cmake --build /home/loic/ros_ws/build/roboto -- -j12 -l12
[0.430s] DEBUG:colcon.colcon_core.event_handler.log_command:Invoked command in '/home/loic/ros_ws/build/omni_robot_controller' returned '0': CMAKE_PREFIX_PATH=${CMAKE_PREFIX_PATH}:/opt/ros/humble /usr/local/bin/cmake --build /home/loic/ros_ws/build/omni_robot_controller -- -j12 -l12
[0.439s] DEBUG:colcon.colcon_core.event_handler.log_command:Invoking command in '/home/loic/ros_ws/build/omni_robot_controller': CMAKE_PREFIX_PATH=${CMAKE_PREFIX_PATH}:/opt/ros/humble /usr/local/bin/cmake --install /home/loic/ros_ws/build/omni_robot_controller
[0.441s] DEBUG:colcon.colcon_core.event_handler.log_command:Invoked command in '/home/loic/ros_ws/build/robot_nav' returned '0': CMAKE_PREFIX_PATH=${CMAKE_PREFIX_PATH}:/opt/ros/humble /usr/local/bin/cmake --build /home/loic/ros_ws/build/robot_nav -- -j12 -l12
[0.443s] DEBUG:colcon.colcon_core.event_handler.log_command:Invoking command in '/home/loic/ros_ws/build/robot_nav': CMAKE_PREFIX_PATH=${CMAKE_PREFIX_PATH}:/opt/ros/humble /usr/local/bin/cmake --install /home/loic/ros_ws/build/robot_nav
[0.450s] Level 1:colcon.colcon_core.environment:create_environment_scripts_only(omni_robot_controller)
[0.455s] DEBUG:colcon.colcon_core.event_handler.log_command:Invoked command in '/home/loic/ros_ws/build/roboto' returned '0': CMAKE_PREFIX_PATH=${CMAKE_PREFIX_PATH}:/opt/ros/humble /usr/local/bin/cmake --build /home/loic/ros_ws/build/roboto -- -j12 -l12
[0.457s] DEBUG:colcon.colcon_core.event_handler.log_command:Invoking command in '/home/loic/ros_ws/build/roboto': CMAKE_PREFIX_PATH=${CMAKE_PREFIX_PATH}:/opt/ros/humble /usr/local/bin/cmake --install /home/loic/ros_ws/build/roboto
[0.460s] DEBUG:colcon.colcon_core.event_handler.log_command:Invoked command in '/home/loic/ros_ws/build/omni_robot_controller' returned '0': CMAKE_PREFIX_PATH=${CMAKE_PREFIX_PATH}:/opt/ros/humble /usr/local/bin/cmake --install /home/loic/ros_ws/build/omni_robot_controller
[0.465s] Level 1:colcon.colcon_core.environment:checking '/home/loic/ros_ws/install/omni_robot_controller' for CMake module files
[0.470s] Level 1:colcon.colcon_core.environment:checking '/home/loic/ros_ws/install/omni_robot_controller' for CMake config files
[0.471s] Level 1:colcon.colcon_core.shell:create_environment_hook('omni_robot_controller', 'cmake_prefix_path')
[0.471s] INFO:colcon.colcon_core.shell:Creating environment hook '/home/loic/ros_ws/install/omni_robot_controller/share/omni_robot_controller/hook/cmake_prefix_path.ps1'
[0.472s] INFO:colcon.colcon_core.shell:Creating environment descriptor '/home/loic/ros_ws/install/omni_robot_controller/share/omni_robot_controller/hook/cmake_prefix_path.dsv'
[0.473s] INFO:colcon.colcon_core.shell:Creating environment hook '/home/loic/ros_ws/install/omni_robot_controller/share/omni_robot_controller/hook/cmake_prefix_path.sh'
[0.474s] Level 1:colcon.colcon_core.environment:checking '/home/loic/ros_ws/install/omni_robot_controller/lib'
[0.474s] Level 1:colcon.colcon_core.environment:checking '/home/loic/ros_ws/install/omni_robot_controller/bin'
[0.474s] Level 1:colcon.colcon_core.environment:checking '/home/loic/ros_ws/install/omni_robot_controller/lib/pkgconfig/omni_robot_controller.pc'
[0.474s] Level 1:colcon.colcon_core.environment:checking '/home/loic/ros_ws/install/omni_robot_controller/lib/python3.10/site-packages'
[0.475s] Level 1:colcon.colcon_core.environment:checking '/home/loic/ros_ws/install/omni_robot_controller/bin'
[0.475s] INFO:colcon.colcon_core.shell:Creating package script '/home/loic/ros_ws/install/omni_robot_controller/share/omni_robot_controller/package.ps1'
[0.476s] INFO:colcon.colcon_core.shell:Creating package descriptor '/home/loic/ros_ws/install/omni_robot_controller/share/omni_robot_controller/package.dsv'
[0.476s] INFO:colcon.colcon_core.shell:Creating package script '/home/loic/ros_ws/install/omni_robot_controller/share/omni_robot_controller/package.sh'
[0.477s] INFO:colcon.colcon_core.shell:Creating package script '/home/loic/ros_ws/install/omni_robot_controller/share/omni_robot_controller/package.bash'
[0.478s] INFO:colcon.colcon_core.shell:Creating package script '/home/loic/ros_ws/install/omni_robot_controller/share/omni_robot_controller/package.zsh'
[0.478s] Level 1:colcon.colcon_core.environment:create_file_with_runtime_dependencies(/home/loic/ros_ws/install/omni_robot_controller/share/colcon-core/packages/omni_robot_controller)
[0.479s] Level 1:colcon.colcon_core.environment:create_environment_scripts_only(omni_robot_controller)
[0.479s] Level 1:colcon.colcon_core.environment:checking '/home/loic/ros_ws/install/omni_robot_controller' for CMake module files
[0.480s] Level 1:colcon.colcon_core.environment:checking '/home/loic/ros_ws/install/omni_robot_controller' for CMake config files
[0.480s] Level 1:colcon.colcon_core.shell:create_environment_hook('omni_robot_controller', 'cmake_prefix_path')
[0.480s] INFO:colcon.colcon_core.shell:Creating environment hook '/home/loic/ros_ws/install/omni_robot_controller/share/omni_robot_controller/hook/cmake_prefix_path.ps1'
[0.480s] INFO:colcon.colcon_core.shell:Creating environment descriptor '/home/loic/ros_ws/install/omni_robot_controller/share/omni_robot_controller/hook/cmake_prefix_path.dsv'
[0.481s] INFO:colcon.colcon_core.shell:Creating environment hook '/home/loic/ros_ws/install/omni_robot_controller/share/omni_robot_controller/hook/cmake_prefix_path.sh'
[0.482s] Level 1:colcon.colcon_core.environment:checking '/home/loic/ros_ws/install/omni_robot_controller/lib'
[0.482s] Level 1:colcon.colcon_core.environment:checking '/home/loic/ros_ws/install/omni_robot_controller/bin'
[0.482s] Level 1:colcon.colcon_core.environment:checking '/home/loic/ros_ws/install/omni_robot_controller/lib/pkgconfig/omni_robot_controller.pc'
[0.482s] Level 1:colcon.colcon_core.environment:checking '/home/loic/ros_ws/install/omni_robot_controller/lib/python3.10/site-packages'
[0.482s] Level 1:colcon.colcon_core.environment:checking '/home/loic/ros_ws/install/omni_robot_controller/bin'
[0.483s] INFO:colcon.colcon_core.shell:Creating package script '/home/loic/ros_ws/install/omni_robot_controller/share/omni_robot_controller/package.ps1'
[0.483s] INFO:colcon.colcon_core.shell:Creating package descriptor '/home/loic/ros_ws/install/omni_robot_controller/share/omni_robot_controller/package.dsv'
[0.484s] INFO:colcon.colcon_core.shell:Creating package script '/home/loic/ros_ws/install/omni_robot_controller/share/omni_robot_controller/package.sh'
[0.484s] INFO:colcon.colcon_core.shell:Creating package script '/home/loic/ros_ws/install/omni_robot_controller/share/omni_robot_controller/package.bash'
[0.485s] INFO:colcon.colcon_core.shell:Creating package script '/home/loic/ros_ws/install/omni_robot_controller/share/omni_robot_controller/package.zsh'
[0.485s] Level 1:colcon.colcon_core.environment:create_file_with_runtime_dependencies(/home/loic/ros_ws/install/omni_robot_controller/share/colcon-core/packages/omni_robot_controller)
[0.487s] Level 1:colcon.colcon_core.environment:create_environment_scripts_only(robot_nav)
[0.487s] Level 1:colcon.colcon_core.environment:checking '/home/loic/ros_ws/install/robot_nav' for CMake module files
[0.488s] DEBUG:colcon.colcon_core.event_handler.log_command:Invoked command in '/home/loic/ros_ws/build/robot_nav' returned '0': CMAKE_PREFIX_PATH=${CMAKE_PREFIX_PATH}:/opt/ros/humble /usr/local/bin/cmake --install /home/loic/ros_ws/build/robot_nav
[0.488s] Level 1:colcon.colcon_core.environment:checking '/home/loic/ros_ws/install/robot_nav' for CMake config files
[0.488s] Level 1:colcon.colcon_core.shell:create_environment_hook('robot_nav', 'cmake_prefix_path')
[0.489s] INFO:colcon.colcon_core.shell:Creating environment hook '/home/loic/ros_ws/install/robot_nav/share/robot_nav/hook/cmake_prefix_path.ps1'
[0.489s] INFO:colcon.colcon_core.shell:Creating environment descriptor '/home/loic/ros_ws/install/robot_nav/share/robot_nav/hook/cmake_prefix_path.dsv'
[0.490s] INFO:colcon.colcon_core.shell:Creating environment hook '/home/loic/ros_ws/install/robot_nav/share/robot_nav/hook/cmake_prefix_path.sh'
[0.490s] Level 1:colcon.colcon_core.environment:checking '/home/loic/ros_ws/install/robot_nav/bin'
[0.490s] Level 1:colcon.colcon_core.environment:checking '/home/loic/ros_ws/install/robot_nav/lib/pkgconfig/robot_nav.pc'
[0.490s] Level 1:colcon.colcon_core.environment:checking '/home/loic/ros_ws/install/robot_nav/lib/python3.10/site-packages'
[0.491s] Level 1:colcon.colcon_core.environment:checking '/home/loic/ros_ws/install/robot_nav/bin'
[0.491s] INFO:colcon.colcon_core.shell:Creating package script '/home/loic/ros_ws/install/robot_nav/share/robot_nav/package.ps1'
[0.491s] INFO:colcon.colcon_core.shell:Creating package descriptor '/home/loic/ros_ws/install/robot_nav/share/robot_nav/package.dsv'
[0.492s] INFO:colcon.colcon_core.shell:Creating package script '/home/loic/ros_ws/install/robot_nav/share/robot_nav/package.sh'
[0.492s] INFO:colcon.colcon_core.shell:Creating package script '/home/loic/ros_ws/install/robot_nav/share/robot_nav/package.bash'
[0.492s] INFO:colcon.colcon_core.shell:Creating package script '/home/loic/ros_ws/install/robot_nav/share/robot_nav/package.zsh'
[0.493s] Level 1:colcon.colcon_core.environment:create_file_with_runtime_dependencies(/home/loic/ros_ws/install/robot_nav/share/colcon-core/packages/robot_nav)
[0.494s] Level 1:colcon.colcon_core.environment:create_environment_scripts_only(robot_nav)
[0.494s] Level 1:colcon.colcon_core.environment:checking '/home/loic/ros_ws/install/robot_nav' for CMake module files
[0.494s] Level 1:colcon.colcon_core.environment:checking '/home/loic/ros_ws/install/robot_nav' for CMake config files
[0.495s] Level 1:colcon.colcon_core.shell:create_environment_hook('robot_nav', 'cmake_prefix_path')
[0.495s] INFO:colcon.colcon_core.shell:Creating environment hook '/home/loic/ros_ws/install/robot_nav/share/robot_nav/hook/cmake_prefix_path.ps1'
[0.496s] INFO:colcon.colcon_core.shell:Creating environment descriptor '/home/loic/ros_ws/install/robot_nav/share/robot_nav/hook/cmake_prefix_path.dsv'
[0.496s] INFO:colcon.colcon_core.shell:Creating environment hook '/home/loic/ros_ws/install/robot_nav/share/robot_nav/hook/cmake_prefix_path.sh'
[0.497s] Level 1:colcon.colcon_core.environment:checking '/home/loic/ros_ws/install/robot_nav/bin'
[0.497s] Level 1:colcon.colcon_core.environment:checking '/home/loic/ros_ws/install/robot_nav/lib/pkgconfig/robot_nav.pc'
[0.497s] Level 1:colcon.colcon_core.environment:checking '/home/loic/ros_ws/install/robot_nav/lib/python3.10/site-packages'
[0.497s] Level 1:colcon.colcon_core.environment:checking '/home/loic/ros_ws/install/robot_nav/bin'
[0.498s] INFO:colcon.colcon_core.shell:Creating package script '/home/loic/ros_ws/install/robot_nav/share/robot_nav/package.ps1'
[0.498s] INFO:colcon.colcon_core.shell:Creating package descriptor '/home/loic/ros_ws/install/robot_nav/share/robot_nav/package.dsv'
[0.499s] INFO:colcon.colcon_core.shell:Creating package script '/home/loic/ros_ws/install/robot_nav/share/robot_nav/package.sh'
[0.499s] INFO:colcon.colcon_core.shell:Creating package script '/home/loic/ros_ws/install/robot_nav/share/robot_nav/package.bash'
[0.499s] INFO:colcon.colcon_core.shell:Creating package script '/home/loic/ros_ws/install/robot_nav/share/robot_nav/package.zsh'
[0.500s] Level 1:colcon.colcon_core.environment:create_file_with_runtime_dependencies(/home/loic/ros_ws/install/robot_nav/share/colcon-core/packages/robot_nav)
[0.502s] Level 1:colcon.colcon_core.environment:create_environment_scripts_only(roboto)
[0.502s] DEBUG:colcon.colcon_core.event_handler.log_command:Invoked command in '/home/loic/ros_ws/build/rf2o_laser_odometry' returned '0': CMAKE_PREFIX_PATH=${CMAKE_PREFIX_PATH}:/opt/ros/humble /usr/local/bin/cmake --build /home/loic/ros_ws/build/rf2o_laser_odometry -- -j12 -l12
[0.503s] Level 1:colcon.colcon_core.environment:checking '/home/loic/ros_ws/install/roboto' for CMake module files
[0.504s] DEBUG:colcon.colcon_core.event_handler.log_command:Invoking command in '/home/loic/ros_ws/build/rf2o_laser_odometry': CMAKE_PREFIX_PATH=${CMAKE_PREFIX_PATH}:/opt/ros/humble /usr/local/bin/cmake --install /home/loic/ros_ws/build/rf2o_laser_odometry
[0.504s] DEBUG:colcon.colcon_core.event_handler.log_command:Invoked command in '/home/loic/ros_ws/build/roboto' returned '0': CMAKE_PREFIX_PATH=${CMAKE_PREFIX_PATH}:/opt/ros/humble /usr/local/bin/cmake --install /home/loic/ros_ws/build/roboto
[0.505s] Level 1:colcon.colcon_core.environment:checking '/home/loic/ros_ws/install/roboto' for CMake config files
[0.505s] Level 1:colcon.colcon_core.shell:create_environment_hook('roboto', 'cmake_prefix_path')
[0.506s] INFO:colcon.colcon_core.shell:Creating environment hook '/home/loic/ros_ws/install/roboto/share/roboto/hook/cmake_prefix_path.ps1'
[0.506s] INFO:colcon.colcon_core.shell:Creating environment descriptor '/home/loic/ros_ws/install/roboto/share/roboto/hook/cmake_prefix_path.dsv'
[0.507s] INFO:colcon.colcon_core.shell:Creating environment hook '/home/loic/ros_ws/install/roboto/share/roboto/hook/cmake_prefix_path.sh'
[0.507s] Level 1:colcon.colcon_core.environment:checking '/home/loic/ros_ws/install/roboto/bin'
[0.507s] Level 1:colcon.colcon_core.environment:checking '/home/loic/ros_ws/install/roboto/lib/pkgconfig/roboto.pc'
[0.507s] Level 1:colcon.colcon_core.environment:checking '/home/loic/ros_ws/install/roboto/lib/python3.10/site-packages'
[0.508s] Level 1:colcon.colcon_core.environment:checking '/home/loic/ros_ws/install/roboto/bin'
[0.508s] INFO:colcon.colcon_core.shell:Creating package script '/home/loic/ros_ws/install/roboto/share/roboto/package.ps1'
[0.508s] INFO:colcon.colcon_core.shell:Creating package descriptor '/home/loic/ros_ws/install/roboto/share/roboto/package.dsv'
[0.509s] INFO:colcon.colcon_core.shell:Creating package script '/home/loic/ros_ws/install/roboto/share/roboto/package.sh'
[0.509s] INFO:colcon.colcon_core.shell:Creating package script '/home/loic/ros_ws/install/roboto/share/roboto/package.bash'
[0.510s] INFO:colcon.colcon_core.shell:Creating package script '/home/loic/ros_ws/install/roboto/share/roboto/package.zsh'
[0.510s] Level 1:colcon.colcon_core.environment:create_file_with_runtime_dependencies(/home/loic/ros_ws/install/roboto/share/colcon-core/packages/roboto)
[0.511s] Level 1:colcon.colcon_core.environment:create_environment_scripts_only(roboto)
[0.512s] Level 1:colcon.colcon_core.environment:checking '/home/loic/ros_ws/install/roboto' for CMake module files
[0.512s] Level 1:colcon.colcon_core.environment:checking '/home/loic/ros_ws/install/roboto' for CMake config files
[0.513s] Level 1:colcon.colcon_core.shell:create_environment_hook('roboto', 'cmake_prefix_path')
[0.513s] INFO:colcon.colcon_core.shell:Creating environment hook '/home/loic/ros_ws/install/roboto/share/roboto/hook/cmake_prefix_path.ps1'
[0.514s] INFO:colcon.colcon_core.shell:Creating environment descriptor '/home/loic/ros_ws/install/roboto/share/roboto/hook/cmake_prefix_path.dsv'
[0.515s] INFO:colcon.colcon_core.shell:Creating environment hook '/home/loic/ros_ws/install/roboto/share/roboto/hook/cmake_prefix_path.sh'
[0.515s] Level 1:colcon.colcon_core.environment:checking '/home/loic/ros_ws/install/roboto/bin'
[0.515s] Level 1:colcon.colcon_core.environment:checking '/home/loic/ros_ws/install/roboto/lib/pkgconfig/roboto.pc'
[0.516s] Level 1:colcon.colcon_core.environment:checking '/home/loic/ros_ws/install/roboto/lib/python3.10/site-packages'
[0.516s] Level 1:colcon.colcon_core.environment:checking '/home/loic/ros_ws/install/roboto/bin'
[0.516s] INFO:colcon.colcon_core.shell:Creating package script '/home/loic/ros_ws/install/roboto/share/roboto/package.ps1'
[0.516s] INFO:colcon.colcon_core.shell:Creating package descriptor '/home/loic/ros_ws/install/roboto/share/roboto/package.dsv'
[0.517s] INFO:colcon.colcon_core.shell:Creating package script '/home/loic/ros_ws/install/roboto/share/roboto/package.sh'
[0.517s] INFO:colcon.colcon_core.shell:Creating package script '/home/loic/ros_ws/install/roboto/share/roboto/package.bash'
[0.518s] INFO:colcon.colcon_core.shell:Creating package script '/home/loic/ros_ws/install/roboto/share/roboto/package.zsh'
[0.518s] Level 1:colcon.colcon_core.environment:create_file_with_runtime_dependencies(/home/loic/ros_ws/install/roboto/share/colcon-core/packages/roboto)
[0.520s] Level 1:colcon.colcon_core.environment:create_environment_scripts_only(rf2o_laser_odometry)
[0.520s] Level 1:colcon.colcon_core.environment:checking '/home/loic/ros_ws/install/rf2o_laser_odometry' for CMake module files
[0.522s] DEBUG:colcon.colcon_core.event_handler.log_command:Invoked command in '/home/loic/ros_ws/build/rf2o_laser_odometry' returned '0': CMAKE_PREFIX_PATH=${CMAKE_PREFIX_PATH}:/opt/ros/humble /usr/local/bin/cmake --install /home/loic/ros_ws/build/rf2o_laser_odometry
[0.523s] Level 1:colcon.colcon_core.environment:checking '/home/loic/ros_ws/install/rf2o_laser_odometry' for CMake config files
[0.523s] Level 1:colcon.colcon_core.shell:create_environment_hook('rf2o_laser_odometry', 'cmake_prefix_path')
[0.523s] INFO:colcon.colcon_core.shell:Creating environment hook '/home/loic/ros_ws/install/rf2o_laser_odometry/share/rf2o_laser_odometry/hook/cmake_prefix_path.ps1'
[0.523s] INFO:colcon.colcon_core.shell:Creating environment descriptor '/home/loic/ros_ws/install/rf2o_laser_odometry/share/rf2o_laser_odometry/hook/cmake_prefix_path.dsv'
[0.524s] INFO:colcon.colcon_core.shell:Creating environment hook '/home/loic/ros_ws/install/rf2o_laser_odometry/share/rf2o_laser_odometry/hook/cmake_prefix_path.sh'
[0.525s] Level 1:colcon.colcon_core.environment:checking '/home/loic/ros_ws/install/rf2o_laser_odometry/lib'
[0.525s] Level 1:colcon.colcon_core.environment:checking '/home/loic/ros_ws/install/rf2o_laser_odometry/bin'
[0.525s] Level 1:colcon.colcon_core.environment:checking '/home/loic/ros_ws/install/rf2o_laser_odometry/lib/pkgconfig/rf2o_laser_odometry.pc'
[0.525s] Level 1:colcon.colcon_core.environment:checking '/home/loic/ros_ws/install/rf2o_laser_odometry/lib/python3.10/site-packages'
[0.525s] Level 1:colcon.colcon_core.environment:checking '/home/loic/ros_ws/install/rf2o_laser_odometry/bin'
[0.525s] INFO:colcon.colcon_core.shell:Creating package script '/home/loic/ros_ws/install/rf2o_laser_odometry/share/rf2o_laser_odometry/package.ps1'
[0.526s] INFO:colcon.colcon_core.shell:Creating package descriptor '/home/loic/ros_ws/install/rf2o_laser_odometry/share/rf2o_laser_odometry/package.dsv'
[0.526s] INFO:colcon.colcon_core.shell:Creating package script '/home/loic/ros_ws/install/rf2o_laser_odometry/share/rf2o_laser_odometry/package.sh'
[0.527s] INFO:colcon.colcon_core.shell:Creating package script '/home/loic/ros_ws/install/rf2o_laser_odometry/share/rf2o_laser_odometry/package.bash'
[0.527s] INFO:colcon.colcon_core.shell:Creating package script '/home/loic/ros_ws/install/rf2o_laser_odometry/share/rf2o_laser_odometry/package.zsh'
[0.527s] Level 1:colcon.colcon_core.environment:create_file_with_runtime_dependencies(/home/loic/ros_ws/install/rf2o_laser_odometry/share/colcon-core/packages/rf2o_laser_odometry)
[0.528s] Level 1:colcon.colcon_core.environment:create_environment_scripts_only(rf2o_laser_odometry)
[0.528s] Level 1:colcon.colcon_core.environment:checking '/home/loic/ros_ws/install/rf2o_laser_odometry' for CMake module files
[0.528s] Level 1:colcon.colcon_core.environment:checking '/home/loic/ros_ws/install/rf2o_laser_odometry' for CMake config files
[0.529s] Level 1:colcon.colcon_core.shell:create_environment_hook('rf2o_laser_odometry', 'cmake_prefix_path')
[0.529s] INFO:colcon.colcon_core.shell:Creating environment hook '/home/loic/ros_ws/install/rf2o_laser_odometry/share/rf2o_laser_odometry/hook/cmake_prefix_path.ps1'
[0.529s] INFO:colcon.colcon_core.shell:Creating environment descriptor '/home/loic/ros_ws/install/rf2o_laser_odometry/share/rf2o_laser_odometry/hook/cmake_prefix_path.dsv'
[0.530s] INFO:colcon.colcon_core.shell:Creating environment hook '/home/loic/ros_ws/install/rf2o_laser_odometry/share/rf2o_laser_odometry/hook/cmake_prefix_path.sh'
[0.530s] Level 1:colcon.colcon_core.environment:checking '/home/loic/ros_ws/install/rf2o_laser_odometry/lib'
[0.530s] Level 1:colcon.colcon_core.environment:checking '/home/loic/ros_ws/install/rf2o_laser_odometry/bin'
[0.530s] Level 1:colcon.colcon_core.environment:checking '/home/loic/ros_ws/install/rf2o_laser_odometry/lib/pkgconfig/rf2o_laser_odometry.pc'
[0.531s] Level 1:colcon.colcon_core.environment:checking '/home/loic/ros_ws/install/rf2o_laser_odometry/lib/python3.10/site-packages'
[0.531s] Level 1:colcon.colcon_core.environment:checking '/home/loic/ros_ws/install/rf2o_laser_odometry/bin'
[0.531s] INFO:colcon.colcon_core.shell:Creating package script '/home/loic/ros_ws/install/rf2o_laser_odometry/share/rf2o_laser_odometry/package.ps1'
[0.531s] INFO:colcon.colcon_core.shell:Creating package descriptor '/home/loic/ros_ws/install/rf2o_laser_odometry/share/rf2o_laser_odometry/package.dsv'
[0.532s] INFO:colcon.colcon_core.shell:Creating package script '/home/loic/ros_ws/install/rf2o_laser_odometry/share/rf2o_laser_odometry/package.sh'
[0.532s] INFO:colcon.colcon_core.shell:Creating package script '/home/loic/ros_ws/install/rf2o_laser_odometry/share/rf2o_laser_odometry/package.bash'
[0.532s] INFO:colcon.colcon_core.shell:Creating package script '/home/loic/ros_ws/install/rf2o_laser_odometry/share/rf2o_laser_odometry/package.zsh'
[0.533s] Level 1:colcon.colcon_core.environment:create_file_with_runtime_dependencies(/home/loic/ros_ws/install/rf2o_laser_odometry/share/colcon-core/packages/rf2o_laser_odometry)
[0.533s] DEBUG:colcon.colcon_parallel_executor.executor.parallel:closing loop
[0.534s] DEBUG:colcon.colcon_parallel_executor.executor.parallel:loop closed
[0.534s] DEBUG:colcon.colcon_parallel_executor.executor.parallel:run_until_complete finished with '0'
[0.534s] DEBUG:colcon.colcon_core.event_reactor:joining thread
[0.540s] INFO:colcon.colcon_core.plugin_system:Skipping extension 'colcon_notification.desktop_notification.terminal_notifier': Not used on non-Darwin systems
[0.540s] INFO:colcon.colcon_core.plugin_system:Skipping extension 'colcon_notification.desktop_notification.win32': Not used on non-Windows systems
[0.540s] INFO:colcon.colcon_notification.desktop_notification:Sending desktop notification using 'notify2'
[0.734s] DEBUG:colcon.colcon_core.event_reactor:joined thread
[0.735s] INFO:colcon.colcon_core.shell:Creating prefix script '/home/loic/ros_ws/install/local_setup.ps1'
[0.736s] INFO:colcon.colcon_core.shell:Creating prefix util module '/home/loic/ros_ws/install/_local_setup_util_ps1.py'
[0.738s] INFO:colcon.colcon_core.shell:Creating prefix chain script '/home/loic/ros_ws/install/setup.ps1'
[0.739s] INFO:colcon.colcon_core.shell:Creating prefix script '/home/loic/ros_ws/install/local_setup.sh'
[0.739s] INFO:colcon.colcon_core.shell:Creating prefix util module '/home/loic/ros_ws/install/_local_setup_util_sh.py'
[0.740s] INFO:colcon.colcon_core.shell:Creating prefix chain script '/home/loic/ros_ws/install/setup.sh'
[0.741s] INFO:colcon.colcon_core.shell:Creating prefix script '/home/loic/ros_ws/install/local_setup.bash'
[0.742s] INFO:colcon.colcon_core.shell:Creating prefix chain script '/home/loic/ros_ws/install/setup.bash'
[0.743s] INFO:colcon.colcon_core.shell:Creating prefix script '/home/loic/ros_ws/install/local_setup.zsh'
[0.743s] INFO:colcon.colcon_core.shell:Creating prefix chain script '/home/loic/ros_ws/install/setup.zsh'
